
> quick-calculator-v1@0.1.0 build
> next build

▲ Next.js 16.1.1 (Turbopack)

  Creating an optimized production build ...
✓ Compiled successfully in 2.7s
  Running TypeScript ...
  Collecting page data using 13 workers ...
⚠ Page "/opengraph-image" is using runtime = 'edge' which is currently incompatible with dynamic = 'force-static'. Please remove either "runtime" or "force-static" for correct behavior
⚠ Using edge runtime on a page currently disables static generation for that page
⚠ Page "/twitter-image" is using runtime = 'edge' which is currently incompatible with dynamic = 'force-static'. Please remove either "runtime" or "force-static" for correct behavior
  Generating static pages using 13 workers (0/804) ...
LangCalculatorClient: Loaded seoContent for tip-calculator (pt): true Keys: [
  'introduction',
  'benefits',
  'steps',
  'inputsExplained',
  'formulaExplanation',
  'examples',
  'resultsExplanation',
  'whoItsFor',
  'disclaimer',
  'relatedTools',
  'faqs'
]
LangCalculatorClient: Loaded seoContent for car-affordability-calculator (pt): true Keys: [
  'introduction',
  'benefits',
  'steps',
  'inputsExplained',
  'formulaExplanation',
  'examples',
  'resultsExplanation',
  'whoItsFor',
  'disclaimer',
  'relatedTools',
  'faqs'
]
LangCalculatorClient: Loaded seoContent for salary-payroll (fr): true Keys: [
  'introduction',
  'benefits',
  'steps',
  'inputsExplained',
  'formulaExplanation',
  'whoItsFor',
  'disclaimer',
  'relatedTools',
  'faqs'
]
LangCalculatorClient: Loaded seoContent for equivalent-interest-rate-calculator (es): true Keys: [
  'introduction',
  'benefits',
  'steps',
  'inputsExplained',
  'formulaExplanation',
  'examples',
  'resultsExplanation',
  'whoItsFor',
  'disclaimer',
  'relatedTools',
  'faqs'
]
LangCalculatorClient: Loaded seoContent for pregnancy-calculator (es): true Keys: [
  'introduction',
  'benefits',
  'steps',
  'formulaExplanation',
  'examples',
  'faqs'
]
LangCalculatorClient: Loaded seoContent for love-calculator (pt): true Keys: [
  'introduction',
  'benefits',
  'steps',
  'formulaExplanation',
  'examples',
  'whoItsFor',
  'disclaimer',
  'faqs'
]
LangCalculatorClient: Loaded seoContent for home-affordability-calculator (fr): true Keys: [
  'introduction',
  'benefits',
  'steps',
  'inputsExplained',
  'formulaExplanation',
  'examples',
  'resultsExplanation',
  'whoItsFor',
  'disclaimer',
  'relatedTools',
  'faqs'
]
LangCalculatorClient: Loaded seoContent for 401k-calculator (en): true Keys: [
  'introduction',
  'benefits',
  'steps',
  'inputsExplained',
  'formulaExplanation',
  'examples',
  'resultsExplanation',
  'whoItsFor',
  'disclaimer',
  'relatedTools',
  'faqs'
]
LangCalculatorClient: Loaded seoContent for interest-rate-table-calculator (en): true Keys: [
  'introduction',
  'benefits',
  'steps',
  'inputsExplained',
  'formulaExplanation',
  'examples',
  'resultsExplanation',
  'whoItsFor',
  'disclaimer',
  'relatedTools',
  'faqs'
]
LangCalculatorClient: Loaded seoContent for shipping-cost (en): true Keys: [
  'introduction',
  'benefits',
  'steps',
  'inputsExplained',
  'formulaExplanation',
  'whoItsFor',
  'disclaimer',
  'relatedTools',
  'faqs'
]
LangCalculatorClient: Loaded seoContent for car-insurance-calculator (pt): true Keys: [
  'introduction',
  'benefits',
  'steps',
  'inputsExplained',
  'formulaExplanation',
  'examples',
  'resultsExplanation',
  'whoItsFor',
  'disclaimer',
  'relatedTools',
  'faqs'
]
LangCalculatorClient: Loaded seoContent for exam-score-predictor (es): true Keys: [
  'introduction',
  'benefits',
  'steps',
  'inputsExplained',
  'formulaExplanation',
  'whoItsFor',
  'disclaimer',
  'relatedTools',
  'faqs'
]
LangCalculatorClient: Loaded seoContent for macro-calculator (pt): true Keys: [
  'introduction',
  'benefits',
  'steps',
  'inputsExplained',
  'formulaExplanation',
  'examples',
  'resultsExplanation',
  'whoItsFor',
  'disclaimer',
  'relatedTools',
  'faqs'
]
LangCalculatorClient: Loaded seoContent for hourly-to-salary-calculator (fr): true Keys: [
  'introduction',
  'benefits',
  'howToUse',
  'formulaExplanation',
  'examples',
  'whoShouldUse',
  'importantNotes',
  'relatedTools',
  'faqs',
  'steps'
]
LangCalculatorClient: Loaded seoContent for triangle-area-calculator (pt): true Keys: [
  'introduction',
  'benefits',
  'steps',
  'inputsExplained',
  'formulaExplanation',
  'examples',
  'resultsExplanation',
  'whoItsFor',
  'disclaimer',
  'relatedTools',
  'faqs'
]
LangCalculatorClient: Loaded seoContent for car-loan-calculator (pt): true Keys: [
  'introduction',
  'benefits',
  'steps',
  'inputsExplained',
  'formulaExplanation',
  'examples',
  'resultsExplanation',
  'whoItsFor',
  'disclaimer',
  'relatedTools',
  'faqs'
]
LangCalculatorClient: Loaded seoContent for expense-calculator (es): true Keys: [
  'introduction',
  'benefits',
  'steps',
  'inputsExplained',
  'formulaExplanation',
  'examples',
  'resultsExplanation',
  'whoItsFor',
  'disclaimer',
  'relatedTools',
  'faqs'
]
LangCalculatorClient: Loaded seoContent for salary-tax (fr): true Keys: [
  'introduction',
  'benefits',
  'steps',
  'inputsExplained',
  'formulaExplanation',
  'whoItsFor',
  'disclaimer',
  'relatedTools',
  'faqs'
]
LangCalculatorClient: Loaded seoContent for prime-factorization-calculator (es): false Keys: none
LangCalculatorClient: Loaded seoContent for advanced-loan-calculator (en): true Keys: [
  'introduction',
  'benefits',
  'steps',
  'inputsExplained',
  'formulaExplanation',
  'examples',
  'resultsExplanation',
  'whoItsFor',
  'disclaimer',
  'relatedTools',
  'faqs'
]
LangCalculatorClient: Loaded seoContent for sleep-calculator (en): true Keys: [
  'introduction',
  'benefits',
  'steps',
  'inputsExplained',
  'formulaExplanation',
  'whoItsFor',
  'disclaimer',
  'relatedTools',
  'faqs'
]
LangCalculatorClient: Loaded seoContent for maintenance-calories-calculator (pt): true Keys: [
  'introduction',
  'benefits',
  'howToUse',
  'formulaExplanation',
  'examples',
  'whoShouldUse',
  'importantNotes',
  'relatedTools',
  'faqs',
  'steps'
]
LangCalculatorClient: Loaded seoContent for investment-calculator (en): true Keys: [
  'introduction',
  'benefits',
  'steps',
  'inputsExplained',
  'formulaExplanation',
  'whoItsFor',
  'disclaimer',
  'relatedTools',
  'faqs'
]
LangCalculatorClient: Loaded seoContent for sales-tax-calculator (fr): true Keys: [
  'introduction',
  'benefits',
  'steps',
  'inputsExplained',
  'formulaExplanation',
  'examples',
  'resultsExplanation',
  'whoItsFor',
  'disclaimer',
  'relatedTools',
  'faqs'
]
LangCalculatorClient: Loaded seoContent for probability-calculator (es): true Keys: [
  'introduction',
  'benefits',
  'steps',
  'inputsExplained',
  'formulaExplanation',
  'whoItsFor',
  'disclaimer',
  'relatedTools',
  'faqs'
]
LangCalculatorClient: Loaded seoContent for investment-planner (en): true Keys: [
  'introduction',
  'benefits',
  'steps',
  'inputsExplained',
  'formulaExplanation',
  'whoItsFor',
  'disclaimer',
  'relatedTools',
  'faqs'
]
LangCalculatorClient: Loaded seoContent for age-calculator (en): true Keys: [
  'introduction',
  'benefits',
  'steps',
  'inputsExplained',
  'formulaExplanation',
  'examples',
  'resultsExplanation',
  'whoItsFor',
  'disclaimer',
  'relatedTools',
  'faqs'
]
LangCalculatorClient: Loaded seoContent for investment-return (en): true Keys: [
  'introduction',
  'benefits',
  'steps',
  'inputsExplained',
  'formulaExplanation',
  'whoItsFor',
  'disclaimer',
  'relatedTools',
  'faqs'
]
LangCalculatorClient: Loaded seoContent for social-security-calculator (en): true Keys: [
  'introduction',
  'benefits',
  'steps',
  'inputsExplained',
  'formulaExplanation',
  'examples',
  'resultsExplanation',
  'whoItsFor',
  'disclaimer',
  'relatedTools',
  'faqs'
]
LangCalculatorClient: Loaded seoContent for lean-body-mass-calculator (en): true Keys: [
  'introduction',
  'benefits',
  'howToUse',
  'formulaExplanation',
  'examples',
  'whoShouldUse',
  'importantNotes',
  'relatedTools',
  'faqs',
  'steps'
]
LangCalculatorClient: Loaded seoContent for exponent-calculator (es): true Keys: [
  'introduction',
  'benefits',
  'steps',
  'inputsExplained',
  'formulaExplanation',
  'examples',
  'resultsExplanation',
  'whoItsFor',
  'disclaimer',
  'relatedTools',
  'faqs'
]
LangCalculatorClient: Loaded seoContent for amortization-schedule-calculator (en): true Keys: [
  'introduction',
  'benefits',
  'steps',
  'inputsExplained',
  'formulaExplanation',
  'examples',
  'resultsExplanation',
  'whoItsFor',
  'disclaimer',
  'relatedTools',
  'faqs'
]
LangCalculatorClient: Loaded seoContent for profitability-ratios-calculator (es): true Keys: [
  'introduction',
  'benefits',
  'steps',
  'inputsExplained',
  'formulaExplanation',
  'examples',
  'resultsExplanation',
  'whoItsFor',
  'disclaimer',
  'relatedTools',
  'faqs'
]
LangCalculatorClient: Loaded seoContent for trip-planner (pt): true Keys: [
  'introduction',
  'benefits',
  'steps',
  'inputsExplained',
  'formulaExplanation',
  'whoItsFor',
  'disclaimer',
  'relatedTools',
  'faqs'
]
LangCalculatorClient: Loaded seoContent for circle-area-calculator (pt): true Keys: [
  'introduction',
  'benefits',
  'steps',
  'inputsExplained',
  'formulaExplanation',
  'examples',
  'resultsExplanation',
  'whoItsFor',
  'disclaimer',
  'relatedTools',
  'faqs'
]
LangCalculatorClient: Loaded seoContent for average-calculator (en): true Keys: [
  'introduction',
  'benefits',
  'steps',
  'inputsExplained',
  'formulaExplanation',
  'whoItsFor',
  'disclaimer',
  'relatedTools',
  'faqs'
]
LangCalculatorClient: Loaded seoContent for property-tax-calculator (es): true Keys: [
  'introduction',
  'benefits',
  'steps',
  'inputsExplained',
  'formulaExplanation',
  'examples',
  'resultsExplanation',
  'whoItsFor',
  'disclaimer',
  'relatedTools',
  'faqs'
]
LangCalculatorClient: Loaded seoContent for savings-calculator (fr): true Keys: [
  'introduction',
  'benefits',
  'steps',
  'inputsExplained',
  'formulaExplanation',
  'examples',
  'resultsExplanation',
  'whoItsFor',
  'disclaimer',
  'faqs'
]
LangCalculatorClient: Loaded seoContent for ideal-weight-calculator (fr): true Keys: [
  'introduction',
  'benefits',
  'steps',
  'inputsExplained',
  'formulaExplanation',
  'examples',
  'resultsExplanation',
  'whoItsFor',
  'disclaimer',
  'relatedTools',
  'faqs'
]
LangCalculatorClient: Loaded seoContent for square-footage-calculator (en): true Keys: [
  'introduction',
  'benefits',
  'steps',
  'inputsExplained',
  'formulaExplanation',
  'examples',
  'resultsExplanation',
  'whoItsFor',
  'disclaimer',
  'relatedTools',
  'faqs'
]
LangCalculatorClient: Loaded seoContent for income-tax-calculator (fr): true Keys: [
  'introduction',
  'benefits',
  'howToUse',
  'formulaExplanation',
  'examples',
  'whoShouldUse',
  'importantNotes',
  'relatedTools',
  'faqs',
  'steps'
]
LangCalculatorClient: Loaded seoContent for mean-median-mode-calculator (pt): true Keys: [
  'introduction',
  'benefits',
  'steps',
  'inputsExplained',
  'formulaExplanation',
  'examples',
  'resultsExplanation',
  'whoItsFor',
  'disclaimer',
  'relatedTools',
  'faqs'
]
LangCalculatorClient: Loaded seoContent for unit-conversion-calculator (pt): true Keys: [
  'introduction',
  'benefits',
  'steps',
  'inputsExplained',
  'formulaExplanation',
  'examples',
  'resultsExplanation',
  'whoItsFor',
  'disclaimer',
  'relatedTools',
  'faqs'
]
LangCalculatorClient: Loaded seoContent for apr-calculator (en): true Keys: [
  'introduction',
  'benefits',
  'steps',
  'inputsExplained',
  'formulaExplanation',
  'examples',
  'resultsExplanation',
  'whoItsFor',
  'disclaimer',
  'relatedTools',
  'faqs'
]
LangCalculatorClient: Loaded seoContent for factorial-calculator (es): false Keys: none
LangCalculatorClient: Loaded seoContent for protein-intake-calculator (es): true Keys: [
  'introduction',
  'benefits',
  'howToUse',
  'formulaExplanation',
  'examples',
  'whoShouldUse',
  'importantNotes',
  'relatedTools',
  'faqs',
  'steps'
]
LangCalculatorClient: Loaded seoContent for circle-circumference-calculator (pt): true Keys: [
  'introduction',
  'benefits',
  'steps',
  'inputsExplained',
  'formulaExplanation',
  'examples',
  'resultsExplanation',
  'whoItsFor',
  'disclaimer',
  'relatedTools',
  'faqs'
]
LangCalculatorClient: Loaded seoContent for feet-inches-calculator (es): true Keys: [
  'introduction',
  'benefits',
  'steps',
  'inputsExplained',
  'formulaExplanation',
  'examples',
  'resultsExplanation',
  'whoItsFor',
  'disclaimer',
  'relatedTools',
  'faqs'
]
LangCalculatorClient: Loaded seoContent for life-insurance-calculator (en): true Keys: [
  'introduction',
  'benefits',
  'steps',
  'inputsExplained',
  'formulaExplanation',
  'examples',
  'resultsExplanation',
  'whoItsFor',
  'disclaimer',
  'relatedTools',
  'faqs'
]
LangCalculatorClient: Loaded seoContent for midpoint-calculator (pt): false Keys: none
LangCalculatorClient: Loaded seoContent for savings-goal (fr): true Keys: [ 'introduction', 'benefits', 'steps', 'faqs' ]
LangCalculatorClient: Loaded seoContent for unit-converter (pt): true Keys: [
  'introduction',
  'benefits',
  'steps',
  'inputsExplained',
  'formulaExplanation',
  'examples',
  'resultsExplanation',
  'whoItsFor',
  'disclaimer',
  'relatedTools',
  'faqs'
]
LangCalculatorClient: Loaded seoContent for mortgage-calculator (pt): true Keys: [
  'metaTitle',          'metaDescription',
  'keywords',           'h1',
  'introduction',       'benefits',
  'steps',              'inputsExplained',
  'formulaExplanation', 'examples',
  'resultsExplanation', 'whoItsFor',
  'disclaimer',         'relatedTools',
  'faqs'
]
LangCalculatorClient: Loaded seoContent for pythagorean-theorem-calculator (es): true Keys: [
  'introduction',
  'benefits',
  'steps',
  'inputsExplained',
  'formulaExplanation',
  'examples',
  'resultsExplanation',
  'whoItsFor',
  'disclaimer',
  'relatedTools',
  'faqs'
]
LangCalculatorClient: Loaded seoContent for compound-interest-calculator (pt): true Keys: [
  'introduction',
  'benefits',
  'steps',
  'inputsExplained',
  'formulaExplanation',
  'examples',
  'resultsExplanation',
  'whoItsFor',
  'disclaimer',
  'relatedTools',
  'faqs'
]
LangCalculatorClient: Loaded seoContent for fraction-calculator (es): true Keys: [
  'introduction',
  'benefits',
  'steps',
  'inputsExplained',
  'formulaExplanation',
  'examples',
  'resultsExplanation',
  'whoItsFor',
  'disclaimer',
  'relatedTools',
  'faqs'
]
LangCalculatorClient: Loaded seoContent for basic-apr-calculator (en): true Keys: [
  'introduction',
  'benefits',
  'steps',
  'inputsExplained',
  'formulaExplanation',
  'examples',
  'resultsExplanation',
  'whoItsFor',
  'disclaimer',
  'relatedTools',
  'faqs'
]
LangCalculatorClient: Loaded seoContent for bmi-calculator (en): true Keys: [
  'introduction',
  'benefits',
  'steps',
  'inputsExplained',
  'formulaExplanation',
  'examples',
  'resultsExplanation',
  'whoItsFor',
  'disclaimer',
  'relatedTools',
  'faqs'
]
LangCalculatorClient: Loaded seoContent for square-root-calculator (en): false Keys: none
LangCalculatorClient: Loaded seoContent for savings-interest (fr): true Keys: [
  'introduction',
  'benefits',
  'steps',
  'inputsExplained',
  'formulaExplanation',
  'whoItsFor',
  'disclaimer',
  'relatedTools',
  'faqs'
]
LangCalculatorClient: Loaded seoContent for net-income-calculator (pt): true Keys: [
  'introduction',
  'benefits',
  'howToUse',
  'formulaExplanation',
  'examples',
  'whoShouldUse',
  'importantNotes',
  'relatedTools',
  'faqs',
  'steps'
]
LangCalculatorClient: Loaded seoContent for inflation-calculator (fr): true Keys: [
  'introduction',
  'benefits',
  'steps',
  'inputsExplained',
  'formulaExplanation',
  'examples',
  'resultsExplanation',
  'whoItsFor',
  'disclaimer',
  'relatedTools',
  'faqs'
]
LangCalculatorClient: Loaded seoContent for biweekly-pay-calculator (en): true Keys: [
  'introduction',
  'benefits',
  'steps',
  'inputsExplained',
  'formulaExplanation',
  'examples',
  'resultsExplanation',
  'whoItsFor',
  'disclaimer',
  'relatedTools',
  'faqs'
]
LangCalculatorClient: Loaded seoContent for blood-pressure-calculator (en): true Keys: [
  'introduction',
  'benefits',
  'steps',
  'inputsExplained',
  'formulaExplanation',
  'examples',
  'resultsExplanation',
  'whoItsFor',
  'disclaimer',
  'relatedTools',
  'faqs'
]
LangCalculatorClient: Loaded seoContent for standard-deviation-calculator (en): true Keys: [
  'introduction',
  'benefits',
  'steps',
  'inputsExplained',
  'formulaExplanation',
  'examples',
  'resultsExplanation',
  'whoItsFor',
  'disclaimer',
  'relatedTools',
  'faqs'
]
LangCalculatorClient: Loaded seoContent for linear-equation (en): true Keys: [
  'introduction',
  'benefits',
  'steps',
  'inputsExplained',
  'formulaExplanation',
  'whoItsFor',
  'disclaimer',
  'relatedTools',
  'faqs'
]
LangCalculatorClient: Loaded seoContent for bmr-calculator (en): true Keys: [
  'introduction',
  'benefits',
  'steps',
  'inputsExplained',
  'formulaExplanation',
  'examples',
  'resultsExplanation',
  'whoItsFor',
  'disclaimer',
  'relatedTools',
  'faqs'
]
LangCalculatorClient: Loaded seoContent for volume-calculator (pt): true Keys: [
  'introduction',
  'benefits',
  'steps',
  'inputsExplained',
  'formulaExplanation',
  'examples',
  'resultsExplanation',
  'whoItsFor',
  'disclaimer',
  'relatedTools',
  'faqs'
]
LangCalculatorClient: Loaded seoContent for scientific-calculator (fr): true Keys: [
  'introduction',
  'benefits',
  'steps',
  'inputsExplained',
  'formulaExplanation',
  'examples',
  'resultsExplanation',
  'whoItsFor',
  'disclaimer',
  'relatedTools',
  'faqs'
]
LangCalculatorClient: Loaded seoContent for interest-calculator (fr): true Keys: [
  'introduction',
  'benefits',
  'steps',
  'inputsExplained',
  'formulaExplanation',
  'examples',
  'resultsExplanation',
  'whoItsFor',
  'disclaimer',
  'faqs'
]
LangCalculatorClient: Loaded seoContent for body-fat-calculator (en): true Keys: [
  'introduction',
  'benefits',
  'steps',
  'inputsExplained',
  'formulaExplanation',
  'examples',
  'resultsExplanation',
  'whoItsFor',
  'disclaimer',
  'relatedTools',
  'faqs'
]
LangCalculatorClient: Loaded seoContent for liquidity-ratios-calculator (en): true Keys: [
  'introduction',
  'benefits',
  'steps',
  'inputsExplained',
  'formulaExplanation',
  'examples',
  'resultsExplanation',
  'whoItsFor',
  'disclaimer',
  'relatedTools',
  'faqs'
]
LangCalculatorClient: Loaded seoContent for budget-calculator (en): true Keys: [
  'introduction',
  'benefits',
  'steps',
  'inputsExplained',
  'formulaExplanation',
  'examples',
  'resultsExplanation',
  'whoItsFor',
  'disclaimer',
  'relatedTools',
  'faqs'
]
LangCalculatorClient: Loaded seoContent for quadratic-equation-calculator (es): true Keys: [
  'introduction',
  'benefits',
  'steps',
  'inputsExplained',
  'formulaExplanation',
  'examples',
  'resultsExplanation',
  'whoItsFor',
  'disclaimer',
  'relatedTools',
  'faqs'
]
LangCalculatorClient: Loaded seoContent for fraction-decimal (es): true Keys: [
  'introduction',
  'benefits',
  'steps',
  'inputsExplained',
  'formulaExplanation',
  'whoItsFor',
  'disclaimer',
  'relatedTools',
  'faqs'
]
LangCalculatorClient: Loaded seoContent for concrete-calculator (pt): true Keys: [
  'introduction',
  'benefits',
  'steps',
  'inputsExplained',
  'formulaExplanation',
  'examples',
  'resultsExplanation',
  'whoItsFor',
  'disclaimer',
  'relatedTools',
  'faqs'
]
LangCalculatorClient: Loaded seoContent for simple-interest-calculator (en): true Keys: [
  'introduction',
  'benefits',
  'steps',
  'inputsExplained',
  'formulaExplanation',
  'examples',
  'resultsExplanation',
  'whoItsFor',
  'disclaimer',
  'relatedTools',
  'faqs'
]
LangCalculatorClient: Loaded seoContent for net-worth (pt): true Keys: [
  'introduction',
  'benefits',
  'steps',
  'inputsExplained',
  'formulaExplanation',
  'whoItsFor',
  'disclaimer',
  'relatedTools',
  'faqs'
]
LangCalculatorClient: Loaded seoContent for interest-only-mortgage-calculator (fr): true Keys: [
  'introduction',
  'benefits',
  'steps',
  'inputsExplained',
  'formulaExplanation',
  'examples',
  'resultsExplanation',
  'whoItsFor',
  'disclaimer',
  'relatedTools',
  'faqs'
]
LangCalculatorClient: Loaded seoContent for loan-affordability-calculator (en): true Keys: [
  'introduction',
  'benefits',
  'steps',
  'inputsExplained',
  'formulaExplanation',
  'examples',
  'resultsExplanation',
  'whoItsFor',
  'disclaimer',
  'relatedTools',
  'faqs'
]
LangCalculatorClient: Loaded seoContent for calorie-calculator (en): true Keys: [
  'introduction',
  'benefits',
  'steps',
  'inputsExplained',
  'formulaExplanation',
  'examples',
  'resultsExplanation',
  'whoItsFor',
  'disclaimer',
  'relatedTools',
  'faqs'
]
LangCalculatorClient: Loaded seoContent for waist-to-hip-ratio-calculator (pt): true Keys: [
  'introduction',
  'benefits',
  'howToUse',
  'formulaExplanation',
  'examples',
  'whoShouldUse',
  'importantNotes',
  'relatedTools',
  'faqs',
  'steps'
]
LangCalculatorClient: Loaded seoContent for loan-calculator (en): true Keys: [
  'introduction',
  'benefits',
  'steps',
  'inputsExplained',
  'formulaExplanation',
  'whoItsFor',
  'disclaimer',
  'relatedTools',
  'faqs'
]
LangCalculatorClient: Loaded seoContent for shipping-cost (fr): true Keys: [
  'introduction',
  'benefits',
  'steps',
  'inputsExplained',
  'formulaExplanation',
  'whoItsFor',
  'disclaimer',
  'relatedTools',
  'faqs'
]
LangCalculatorClient: Loaded seoContent for fuel-cost (es): true Keys: [
  'introduction',
  'benefits',
  'steps',
  'inputsExplained',
  'formulaExplanation',
  'whoItsFor',
  'disclaimer',
  'relatedTools',
  'faqs'
]
LangCalculatorClient: Loaded seoContent for gcd-lcm-calculator (es): true Keys: [
  'introduction',
  'benefits',
  'steps',
  'inputsExplained',
  'formulaExplanation',
  'examples',
  'resultsExplanation',
  'whoItsFor',
  'disclaimer',
  'relatedTools',
  'faqs'
]
LangCalculatorClient: Loaded seoContent for credit-card-calculator (pt): true Keys: [
  'introduction',
  'benefits',
  'steps',
  'inputsExplained',
  'formulaExplanation',
  'examples',
  'resultsExplanation',
  'whoItsFor',
  'disclaimer',
  'relatedTools',
  'faqs'
]
LangCalculatorClient: Loaded seoContent for slope-calculator (en): false Keys: none
LangCalculatorClient: Loaded seoContent for loan-repayment (en): true Keys: [
  'introduction',
  'benefits',
  'steps',
  'inputsExplained',
  'formulaExplanation',
  'whoItsFor',
  'disclaimer',
  'relatedTools',
  'faqs'
]
LangCalculatorClient: Loaded seoContent for interest-rate-table-calculator (fr): true Keys: [
  'introduction',
  'benefits',
  'steps',
  'inputsExplained',
  'formulaExplanation',
  'examples',
  'resultsExplanation',
  'whoItsFor',
  'disclaimer',
  'relatedTools',
  'faqs'
]
LangCalculatorClient: Loaded seoContent for number-base-converter (pt): true Keys: [
  'introduction',
  'benefits',
  'steps',
  'formulaExplanation',
  'examples',
  'whoItsFor',
  'disclaimer',
  'faqs'
]
LangCalculatorClient: Loaded seoContent for water-intake-calculator (pt): true Keys: [
  'introduction',
  'benefits',
  'howToUse',
  'formulaExplanation',
  'examples',
  'whoShouldUse',
  'importantNotes',
  'relatedTools',
  'faqs',
  'steps'
]
LangCalculatorClient: Loaded seoContent for loan-affordability (en): true Keys: [
  'introduction',
  'benefits',
  'steps',
  'inputsExplained',
  'formulaExplanation',
  'whoItsFor',
  'disclaimer',
  'relatedTools',
  'faqs'
]
LangCalculatorClient: Loaded seoContent for numbers-to-words-converter (pt): true Keys: [
  'introduction',
  'benefits',
  'steps',
  'inputsExplained',
  'formulaExplanation',
  'examples',
  'resultsExplanation',
  'whoItsFor',
  'disclaimer',
  'relatedTools',
  'faqs'
]
LangCalculatorClient: Loaded seoContent for loan-comparison (en): true Keys: [
  'introduction',
  'benefits',
  'steps',
  'inputsExplained',
  'formulaExplanation',
  'whoItsFor',
  'disclaimer',
  'relatedTools',
  'faqs'
]
LangCalculatorClient: Loaded seoContent for ratio-proportion (es): true Keys: [
  'introduction',
  'benefits',
  'steps',
  'inputsExplained',
  'formulaExplanation',
  'whoItsFor',
  'disclaimer',
  'relatedTools',
  'faqs'
]
LangCalculatorClient: Loaded seoContent for loan-payment-table-generator (en): true Keys: [
  'introduction',
  'benefits',
  'steps',
  'inputsExplained',
  'formulaExplanation',
  'examples',
  'resultsExplanation',
  'whoItsFor',
  'disclaimer',
  'relatedTools',
  'faqs'
]
LangCalculatorClient: Loaded seoContent for geometry-area (es): true Keys: [
  'introduction',
  'benefits',
  'steps',
  'inputsExplained',
  'formulaExplanation',
  'whoItsFor',
  'disclaimer',
  'relatedTools',
  'faqs'
]
LangCalculatorClient: Loaded seoContent for gpa-calculator (es): true Keys: [
  'introduction',
  'benefits',
  'steps',
  'inputsExplained',
  'formulaExplanation',
  'examples',
  'resultsExplanation',
  'whoItsFor',
  'disclaimer',
  'relatedTools',
  'faqs'
]
LangCalculatorClient: Loaded seoContent for simple-interest-calculator (fr): true Keys: [
  'introduction',
  'benefits',
  'steps',
  'inputsExplained',
  'formulaExplanation',
  'examples',
  'resultsExplanation',
  'whoItsFor',
  'disclaimer',
  'relatedTools',
  'faqs'
]
LangCalculatorClient: Loaded seoContent for car-affordability-calculator (en): true Keys: [
  'introduction',
  'benefits',
  'steps',
  'inputsExplained',
  'formulaExplanation',
  'examples',
  'resultsExplanation',
  'whoItsFor',
  'disclaimer',
  'relatedTools',
  'faqs'
]
LangCalculatorClient: Loaded seoContent for logarithm-calculator (en): false Keys: none
LangCalculatorClient: Loaded seoContent for car-insurance-calculator (en): true Keys: [
  'introduction',
  'benefits',
  'steps',
  'inputsExplained',
  'formulaExplanation',
  'examples',
  'resultsExplanation',
  'whoItsFor',
  'disclaimer',
  'relatedTools',
  'faqs'
]
LangCalculatorClient: Loaded seoContent for retirement-calculator (es): true Keys: [
  'introduction',
  'benefits',
  'steps',
  'inputsExplained',
  'formulaExplanation',
  'examples',
  'resultsExplanation',
  'whoItsFor',
  'disclaimer',
  'relatedTools',
  'faqs'
]
LangCalculatorClient: Loaded seoContent for long-division-calculator (en): true Keys: [
  'introduction',
  'benefits',
  'steps',
  'inputsExplained',
  'formulaExplanation',
  'examples',
  'resultsExplanation',
  'whoItsFor',
  'disclaimer',
  'relatedTools',
  'faqs'
]
LangCalculatorClient: Loaded seoContent for car-loan-calculator (en): true Keys: [
  'introduction',
  'benefits',
  'steps',
  'inputsExplained',
  'formulaExplanation',
  'examples',
  'resultsExplanation',
  'whoItsFor',
  'disclaimer',
  'relatedTools',
  'faqs'
]
LangCalculatorClient: Loaded seoContent for investment-calculator (fr): true Keys: [
  'introduction',
  'benefits',
  'steps',
  'inputsExplained',
  'formulaExplanation',
  'whoItsFor',
  'disclaimer',
  'relatedTools',
  'faqs'
]
LangCalculatorClient: Loaded seoContent for investment-return (fr): true Keys: [
  'introduction',
  'benefits',
  'steps',
  'inputsExplained',
  'formulaExplanation',
  'whoItsFor',
  'disclaimer',
  'relatedTools',
  'faqs'
]
LangCalculatorClient: Loaded seoContent for investment-planner (fr): true Keys: [
  'introduction',
  'benefits',
  'steps',
  'inputsExplained',
  'formulaExplanation',
  'whoItsFor',
  'disclaimer',
  'relatedTools',
  'faqs'
]
LangCalculatorClient: Loaded seoContent for overtime-pay-calculator (pt): true Keys: [
  'introduction',
  'benefits',
  'howToUse',
  'formulaExplanation',
  'examples',
  'whoShouldUse',
  'importantNotes',
  'relatedTools',
  'faqs',
  'steps'
]
LangCalculatorClient: Loaded seoContent for crypto-roi-calculator (pt): true Keys: [
  'introduction',
  'benefits',
  'steps',
  'inputsExplained',
  'formulaExplanation',
  'examples',
  'resultsExplanation',
  'whoItsFor',
  'disclaimer',
  'relatedTools',
  'faqs'
]
LangCalculatorClient: Loaded seoContent for grade-calculator (es): true Keys: [
  'introduction',
  'benefits',
  'steps',
  'formulaExplanation',
  'examples',
  'faqs'
]
LangCalculatorClient: Loaded seoContent for surface-area-calculator (en): true Keys: [
  'introduction',
  'benefits',
  'steps',
  'inputsExplained',
  'formulaExplanation',
  'examples',
  'resultsExplanation',
  'whoItsFor',
  'disclaimer',
  'relatedTools',
  'faqs'
]
LangCalculatorClient: Loaded seoContent for lean-body-mass-calculator (fr): true Keys: [
  'introduction',
  'benefits',
  'howToUse',
  'formulaExplanation',
  'examples',
  'whoShouldUse',
  'importantNotes',
  'relatedTools',
  'faqs',
  'steps'
]
LangCalculatorClient: Loaded seoContent for credit-card-payoff (pt): true Keys: [
  'introduction',
  'benefits',
  'steps',
  'inputsExplained',
  'formulaExplanation',
  'whoItsFor',
  'disclaimer',
  'relatedTools',
  'faqs'
]
LangCalculatorClient: Loaded seoContent for word-counter-calculator (pt): true Keys: [
  'introduction',
  'benefits',
  'steps',
  'inputsExplained',
  'formulaExplanation',
  'examples',
  'resultsExplanation',
  'whoItsFor',
  'disclaimer',
  'relatedTools',
  'faqs'
]
LangCalculatorClient: Loaded seoContent for circle-area-calculator (en): true Keys: [
  'introduction',
  'benefits',
  'steps',
  'inputsExplained',
  'formulaExplanation',
  'examples',
  'resultsExplanation',
  'whoItsFor',
  'disclaimer',
  'relatedTools',
  'faqs'
]
LangCalculatorClient: Loaded seoContent for future-value-calculator (es): true Keys: [
  'introduction',
  'benefits',
  'steps',
  'inputsExplained',
  'formulaExplanation',
  'examples',
  'resultsExplanation',
  'whoItsFor',
  'disclaimer',
  'relatedTools',
  'faqs'
]
LangCalculatorClient: Loaded seoContent for sleep-calculator (fr): true Keys: [
  'introduction',
  'benefits',
  'steps',
  'inputsExplained',
  'formulaExplanation',
  'whoItsFor',
  'disclaimer',
  'relatedTools',
  'faqs'
]
LangCalculatorClient: Loaded seoContent for take-home-pay-calculator (en): true Keys: [
  'introduction',
  'benefits',
  'howToUse',
  'formulaExplanation',
  'examples',
  'whoShouldUse',
  'importantNotes',
  'relatedTools',
  'faqs',
  'steps'
]
LangCalculatorClient: Loaded seoContent for ratio-calculator (es): true Keys: [
  'introduction',
  'benefits',
  'steps',
  'inputsExplained',
  'formulaExplanation',
  'examples',
  'resultsExplanation',
  'whoItsFor',
  'disclaimer',
  'relatedTools',
  'faqs'
]
  Generating static pages using 13 workers (201/804) 
LangCalculatorClient: Loaded seoContent for slope-calculator (fr): false Keys: none
LangCalculatorClient: Loaded seoContent for operations-ratios-calculator (pt): true Keys: [
  'introduction',
  'benefits',
  'steps',
  'inputsExplained',
  'formulaExplanation',
  'examples',
  'resultsExplanation',
  'whoItsFor',
  'disclaimer',
  'relatedTools',
  'faqs'
]
LangCalculatorClient: Loaded seoContent for life-insurance-calculator (fr): true Keys: [
  'introduction',
  'benefits',
  'steps',
  'inputsExplained',
  'formulaExplanation',
  'examples',
  'resultsExplanation',
  'whoItsFor',
  'disclaimer',
  'relatedTools',
  'faqs'
]
LangCalculatorClient: Loaded seoContent for macro-calculator (en): true Keys: [
  'introduction',
  'benefits',
  'steps',
  'inputsExplained',
  'formulaExplanation',
  'examples',
  'resultsExplanation',
  'whoItsFor',
  'disclaimer',
  'relatedTools',
  'faqs'
]
LangCalculatorClient: Loaded seoContent for advanced-loan-calculator (fr): true Keys: [
  'introduction',
  'benefits',
  'steps',
  'inputsExplained',
  'formulaExplanation',
  'examples',
  'resultsExplanation',
  'whoItsFor',
  'disclaimer',
  'relatedTools',
  'faqs'
]
LangCalculatorClient: Loaded seoContent for social-security-calculator (fr): true Keys: [
  'introduction',
  'benefits',
  'steps',
  'inputsExplained',
  'formulaExplanation',
  'examples',
  'resultsExplanation',
  'whoItsFor',
  'disclaimer',
  'relatedTools',
  'faqs'
]
LangCalculatorClient: Loaded seoContent for ovulation-calculator (pt): true Keys: [
  'introduction',
  'benefits',
  'steps',
  'formulaExplanation',
  'examples',
  'faqs'
]
LangCalculatorClient: Loaded seoContent for mean-median-mode-calculator (en): true Keys: [
  'introduction',
  'benefits',
  'steps',
  'inputsExplained',
  'formulaExplanation',
  'examples',
  'resultsExplanation',
  'whoItsFor',
  'disclaimer',
  'relatedTools',
  'faqs'
]
LangCalculatorClient: Loaded seoContent for square-footage-calculator (fr): true Keys: [
  'introduction',
  'benefits',
  'steps',
  'inputsExplained',
  'formulaExplanation',
  'examples',
  'resultsExplanation',
  'whoItsFor',
  'disclaimer',
  'relatedTools',
  'faqs'
]
LangCalculatorClient: Loaded seoContent for retirement-plan (es): true Keys: [
  'introduction',
  'benefits',
  'steps',
  'inputsExplained',
  'formulaExplanation',
  'whoItsFor',
  'disclaimer',
  'relatedTools',
  'faqs'
]
LangCalculatorClient: Loaded seoContent for health-insurance-calculator (es): true Keys: [
  'introduction',
  'benefits',
  'steps',
  'inputsExplained',
  'formulaExplanation',
  'examples',
  'resultsExplanation',
  'whoItsFor',
  'disclaimer',
  'relatedTools',
  'faqs'
]
LangCalculatorClient: Loaded seoContent for age-calculator (fr): true Keys: [
  'introduction',
  'benefits',
  'steps',
  'inputsExplained',
  'formulaExplanation',
  'examples',
  'resultsExplanation',
  'whoItsFor',
  'disclaimer',
  'relatedTools',
  'faqs'
]
LangCalculatorClient: Loaded seoContent for currency-converter (pt): true Keys: [
  'introduction',
  'benefits',
  'steps',
  'inputsExplained',
  'formulaExplanation',
  'examples',
  'resultsExplanation',
  'whoItsFor',
  'disclaimer',
  'relatedTools',
  'faqs'
]
LangCalculatorClient: Loaded seoContent for nominal-interest-rate-calculator (pt): true Keys: [
  'introduction',
  'benefits',
  'steps',
  'inputsExplained',
  'formulaExplanation',
  'examples',
  'resultsExplanation',
  'whoItsFor',
  'disclaimer',
  'relatedTools',
  'faqs'
]
LangCalculatorClient: Loaded seoContent for circle-circumference-calculator (en): true Keys: [
  'introduction',
  'benefits',
  'steps',
  'inputsExplained',
  'formulaExplanation',
  'examples',
  'resultsExplanation',
  'whoItsFor',
  'disclaimer',
  'relatedTools',
  'faqs'
]
LangCalculatorClient: Loaded seoContent for pace-calculator (pt): true Keys: [
  'introduction',
  'benefits',
  'steps',
  'formulaExplanation',
  'examples',
  'whoItsFor',
  'disclaimer',
  'faqs'
]
LangCalculatorClient: Loaded seoContent for date-calculator (pt): true Keys: [
  'introduction',
  'benefits',
  'steps',
  'inputsExplained',
  'formulaExplanation',
  'examples',
  'resultsExplanation',
  'whoItsFor',
  'disclaimer',
  'relatedTools',
  'faqs'
]
LangCalculatorClient: Loaded seoContent for study-hours-planner (en): true Keys: [
  'introduction',
  'benefits',
  'steps',
  'inputsExplained',
  'formulaExplanation',
  'whoItsFor',
  'disclaimer',
  'relatedTools',
  'faqs'
]
LangCalculatorClient: Loaded seoContent for height-calculator (es): true Keys: [
  'introduction',
  'benefits',
  'steps',
  'formulaExplanation',
  'examples',
  'whoItsFor',
  'disclaimer',
  'faqs'
]
LangCalculatorClient: Loaded seoContent for midpoint-calculator (en): false Keys: none
LangCalculatorClient: Loaded seoContent for password-generator-calculator (pt): true Keys: [
  'introduction',
  'benefits',
  'steps',
  'inputsExplained',
  'formulaExplanation',
  'examples',
  'resultsExplanation',
  'whoItsFor',
  'disclaimer',
  'relatedTools',
  'faqs'
]
LangCalculatorClient: Loaded seoContent for retirement-savings (es): true Keys: [
  'introduction',
  'benefits',
  'steps',
  'inputsExplained',
  'formulaExplanation',
  'examples',
  'resultsExplanation',
  'whoItsFor',
  'disclaimer',
  'relatedTools',
  'faqs'
]
LangCalculatorClient: Loaded seoContent for tank-volume-calculator (en): true Keys: [
  'introduction',
  'benefits',
  'steps',
  'inputsExplained',
  'formulaExplanation',
  'examples',
  'resultsExplanation',
  'whoItsFor',
  'disclaimer',
  'relatedTools',
  'faqs'
]
LangCalculatorClient: Loaded seoContent for amortization-schedule-calculator (fr): true Keys: [
  'introduction',
  'benefits',
  'steps',
  'inputsExplained',
  'formulaExplanation',
  'examples',
  'resultsExplanation',
  'whoItsFor',
  'disclaimer',
  'relatedTools',
  'faqs'
]
LangCalculatorClient: Loaded seoContent for linear-equation (fr): true Keys: [
  'introduction',
  'benefits',
  'steps',
  'inputsExplained',
  'formulaExplanation',
  'whoItsFor',
  'disclaimer',
  'relatedTools',
  'faqs'
]
LangCalculatorClient: Loaded seoContent for apr-calculator (fr): true Keys: [
  'introduction',
  'benefits',
  'steps',
  'inputsExplained',
  'formulaExplanation',
  'examples',
  'resultsExplanation',
  'whoItsFor',
  'disclaimer',
  'relatedTools',
  'faqs'
]
LangCalculatorClient: Loaded seoContent for maintenance-calories-calculator (en): true Keys: [
  'introduction',
  'benefits',
  'howToUse',
  'formulaExplanation',
  'examples',
  'whoShouldUse',
  'importantNotes',
  'relatedTools',
  'faqs',
  'steps'
]
LangCalculatorClient: Loaded seoContent for average-calculator (fr): true Keys: [
  'introduction',
  'benefits',
  'steps',
  'inputsExplained',
  'formulaExplanation',
  'examples',
  'resultsExplanation',
  'whoItsFor',
  'disclaimer',
  'faqs'
]
LangCalculatorClient: Loaded seoContent for liquidity-ratios-calculator (fr): true Keys: [
  'introduction',
  'benefits',
  'steps',
  'inputsExplained',
  'formulaExplanation',
  'examples',
  'resultsExplanation',
  'whoItsFor',
  'disclaimer',
  'relatedTools',
  'faqs'
]
LangCalculatorClient: Loaded seoContent for compound-interest-calculator (en): true Keys: [
  'introduction',
  'benefits',
  'steps',
  'inputsExplained',
  'formulaExplanation',
  'examples',
  'resultsExplanation',
  'whoItsFor',
  'disclaimer',
  'relatedTools',
  'faqs'
]
LangCalculatorClient: Loaded seoContent for loan-affordability-calculator (fr): true Keys: [
  'introduction',
  'benefits',
  'steps',
  'inputsExplained',
  'formulaExplanation',
  'examples',
  'resultsExplanation',
  'whoItsFor',
  'disclaimer',
  'relatedTools',
  'faqs'
]
LangCalculatorClient: Loaded seoContent for mortgage-calculator (en): true Keys: [
  'introduction',
  'benefits',
  'steps',
  'inputsExplained',
  'formulaExplanation',
  'whoItsFor',
  'disclaimer',
  'relatedTools',
  'faqs'
]
LangCalculatorClient: Loaded seoContent for roman-numeral-converter (es): true Keys: [
  'introduction',
  'benefits',
  'steps',
  'formulaExplanation',
  'examples',
  'whoItsFor',
  'disclaimer',
  'faqs'
]
LangCalculatorClient: Loaded seoContent for debt-consolidation-calculator (pt): true Keys: [
  'introduction',
  'benefits',
  'steps',
  'inputsExplained',
  'formulaExplanation',
  'examples',
  'resultsExplanation',
  'whoItsFor',
  'disclaimer',
  'relatedTools',
  'faqs'
]
LangCalculatorClient: Loaded seoContent for square-root-calculator (fr): false Keys: none
LangCalculatorClient: Loaded seoContent for home-affordability-calculator (es): true Keys: [
  'introduction',
  'benefits',
  'steps',
  'inputsExplained',
  'formulaExplanation',
  'examples',
  'resultsExplanation',
  'whoItsFor',
  'disclaimer',
  'relatedTools',
  'faqs'
]
LangCalculatorClient: Loaded seoContent for roth-ira-calculator (es): true Keys: [
  'introduction',
  'benefits',
  'steps',
  'inputsExplained',
  'formulaExplanation',
  'examples',
  'resultsExplanation',
  'whoItsFor',
  'disclaimer',
  'relatedTools',
  'faqs'
]
LangCalculatorClient: Loaded seoContent for standard-deviation-calculator (fr): true Keys: [
  'introduction',
  'benefits',
  'steps',
  'inputsExplained',
  'formulaExplanation',
  'examples',
  'resultsExplanation',
  'whoItsFor',
  'disclaimer',
  'relatedTools',
  'faqs'
]
LangCalculatorClient: Loaded seoContent for hourly-to-salary-calculator (es): true Keys: [
  'introduction',
  'benefits',
  'howToUse',
  'formulaExplanation',
  'examples',
  'whoShouldUse',
  'importantNotes',
  'relatedTools',
  'faqs',
  'steps'
]
LangCalculatorClient: Loaded seoContent for basic-apr-calculator (fr): true Keys: [
  'introduction',
  'benefits',
  'steps',
  'inputsExplained',
  'formulaExplanation',
  'examples',
  'resultsExplanation',
  'whoItsFor',
  'disclaimer',
  'relatedTools',
  'faqs'
]
LangCalculatorClient: Loaded seoContent for debt-payoff-calculator (pt): true Keys: [
  'introduction',
  'benefits',
  'steps',
  'inputsExplained',
  'formulaExplanation',
  'examples',
  'resultsExplanation',
  'whoItsFor',
  'disclaimer',
  'relatedTools',
  'faqs'
]
LangCalculatorClient: Loaded seoContent for 401k-calculator (fr): true Keys: [
  'introduction',
  'benefits',
  'steps',
  'inputsExplained',
  'formulaExplanation',
  'examples',
  'resultsExplanation',
  'whoItsFor',
  'disclaimer',
  'relatedTools',
  'faqs'
]
LangCalculatorClient: Loaded seoContent for stock-return-calculator (en): true Keys: [
  'introduction',
  'benefits',
  'steps',
  'inputsExplained',
  'formulaExplanation',
  'examples',
  'resultsExplanation',
  'whoItsFor',
  'disclaimer',
  'relatedTools',
  'faqs'
]
LangCalculatorClient: Loaded seoContent for salary-calculator (es): true Keys: [
  'introduction',
  'benefits',
  'howToUse',
  'formulaExplanation',
  'examples',
  'whoShouldUse',
  'importantNotes',
  'relatedTools',
  'faqs',
  'steps'
]
LangCalculatorClient: Loaded seoContent for concrete-calculator (en): true Keys: [
  'introduction',
  'benefits',
  'steps',
  'inputsExplained',
  'formulaExplanation',
  'examples',
  'resultsExplanation',
  'whoItsFor',
  'disclaimer',
  'relatedTools',
  'faqs'
]
LangCalculatorClient: Loaded seoContent for debt-ratios-calculator (pt): true Keys: [
  'introduction',
  'benefits',
  'steps',
  'inputsExplained',
  'formulaExplanation',
  'examples',
  'resultsExplanation',
  'whoItsFor',
  'disclaimer',
  'relatedTools',
  'faqs'
]
LangCalculatorClient: Loaded seoContent for paycheck-calculator (pt): true Keys: [
  'introduction',
  'benefits',
  'steps',
  'inputsExplained',
  'formulaExplanation',
  'examples',
  'resultsExplanation',
  'whoItsFor',
  'disclaimer',
  'relatedTools',
  'faqs'
]
LangCalculatorClient: Loaded seoContent for loan-affordability (fr): true Keys: [
  'introduction',
  'benefits',
  'steps',
  'inputsExplained',
  'formulaExplanation',
  'whoItsFor',
  'disclaimer',
  'relatedTools',
  'faqs'
]
LangCalculatorClient: Loaded seoContent for debt-to-income-calculator (pt): true Keys: [
  'introduction',
  'benefits',
  'steps',
  'inputsExplained',
  'formulaExplanation',
  'whoItsFor',
  'disclaimer',
  'relatedTools',
  'faqs'
]
LangCalculatorClient: Loaded seoContent for net-income-calculator (en): true Keys: [
  'introduction',
  'benefits',
  'howToUse',
  'formulaExplanation',
  'examples',
  'whoShouldUse',
  'importantNotes',
  'relatedTools',
  'faqs',
  'steps'
]
LangCalculatorClient: Loaded seoContent for loan-calculator (fr): true Keys: [
  'introduction',
  'benefits',
  'steps',
  'inputsExplained',
  'formulaExplanation',
  'examples',
  'resultsExplanation',
  'whoItsFor',
  'disclaimer',
  'relatedTools',
  'faqs'
]
LangCalculatorClient: Loaded seoContent for tax-calculator (en): true Keys: [
  'introduction',
  'benefits',
  'steps',
  'inputsExplained',
  'formulaExplanation',
  'examples',
  'resultsExplanation',
  'whoItsFor',
  'disclaimer',
  'relatedTools',
  'faqs'
]
LangCalculatorClient: Loaded seoContent for stock-ratios-calculator (fr): true Keys: [
  'introduction',
  'benefits',
  'steps',
  'inputsExplained',
  'formulaExplanation',
  'examples',
  'resultsExplanation',
  'whoItsFor',
  'disclaimer',
  'relatedTools',
  'faqs'
]
LangCalculatorClient: Loaded seoContent for ideal-weight-calculator (es): true Keys: [
  'introduction',
  'benefits',
  'steps',
  'inputsExplained',
  'formulaExplanation',
  'examples',
  'resultsExplanation',
  'whoItsFor',
  'disclaimer',
  'relatedTools',
  'faqs'
]
LangCalculatorClient: Loaded seoContent for biweekly-pay-calculator (fr): true Keys: [
  'introduction',
  'benefits',
  'steps',
  'formulaExplanation',
  'examples',
  'faqs'
]
LangCalculatorClient: Loaded seoContent for loan-comparison (fr): true Keys: [
  'introduction',
  'benefits',
  'steps',
  'inputsExplained',
  'formulaExplanation',
  'whoItsFor',
  'disclaimer',
  'relatedTools',
  'faqs'
]
LangCalculatorClient: Loaded seoContent for bmi-calculator (fr): true Keys: [
  'introduction',
  'benefits',
  'steps',
  'inputsExplained',
  'formulaExplanation',
  'examples',
  'resultsExplanation',
  'whoItsFor',
  'disclaimer',
  'relatedTools',
  'faqs'
]
LangCalculatorClient: Loaded seoContent for decimal-to-fraction-calculator (pt): true Keys: [
  'introduction',
  'benefits',
  'steps',
  'inputsExplained',
  'formulaExplanation',
  'examples',
  'resultsExplanation',
  'whoItsFor',
  'disclaimer',
  'relatedTools',
  'faqs'
]
LangCalculatorClient: Loaded seoContent for study-hours-planner (fr): true Keys: [
  'introduction',
  'benefits',
  'steps',
  'inputsExplained',
  'formulaExplanation',
  'whoItsFor',
  'disclaimer',
  'relatedTools',
  'faqs'
]
LangCalculatorClient: Loaded seoContent for loan-payment-table-generator (fr): true Keys: [
  'introduction',
  'benefits',
  'steps',
  'inputsExplained',
  'formulaExplanation',
  'examples',
  'resultsExplanation',
  'whoItsFor',
  'disclaimer',
  'relatedTools',
  'faqs'
]
LangCalculatorClient: Loaded seoContent for income-tax-calculator (es): true Keys: [
  'introduction',
  'benefits',
  'howToUse',
  'formulaExplanation',
  'examples',
  'whoShouldUse',
  'importantNotes',
  'relatedTools',
  'faqs',
  'steps'
]
LangCalculatorClient: Loaded seoContent for body-fat-calculator (fr): true Keys: [
  'introduction',
  'benefits',
  'steps',
  'inputsExplained',
  'formulaExplanation',
  'examples',
  'resultsExplanation',
  'whoItsFor',
  'disclaimer',
  'relatedTools',
  'faqs'
]
LangCalculatorClient: Loaded seoContent for credit-card-calculator (en): true Keys: [
  'introduction',
  'benefits',
  'steps',
  'inputsExplained',
  'formulaExplanation',
  'examples',
  'resultsExplanation',
  'whoItsFor',
  'disclaimer',
  'relatedTools',
  'faqs'
]
LangCalculatorClient: Loaded seoContent for net-worth (en): true Keys: [
  'introduction',
  'benefits',
  'steps',
  'inputsExplained',
  'formulaExplanation',
  'whoItsFor',
  'disclaimer',
  'relatedTools',
  'faqs'
]
LangCalculatorClient: Loaded seoContent for loan-repayment (fr): true Keys: [
  'introduction',
  'benefits',
  'steps',
  'inputsExplained',
  'formulaExplanation',
  'whoItsFor',
  'disclaimer',
  'relatedTools',
  'faqs'
]
LangCalculatorClient: Loaded seoContent for stock-return-calculator (fr): true Keys: [
  'introduction',
  'benefits',
  'steps',
  'inputsExplained',
  'formulaExplanation',
  'examples',
  'resultsExplanation',
  'whoItsFor',
  'disclaimer',
  'relatedTools',
  'faqs'
]
LangCalculatorClient: Loaded seoContent for bmr-calculator (fr): true Keys: [
  'introduction',
  'benefits',
  'steps',
  'inputsExplained',
  'formulaExplanation',
  'examples',
  'resultsExplanation',
  'whoItsFor',
  'disclaimer',
  'relatedTools',
  'faqs'
]
LangCalculatorClient: Loaded seoContent for logarithm-calculator (fr): false Keys: none
LangCalculatorClient: Loaded seoContent for percentage-change-calculator (pt): true Keys: [
  'introduction',
  'benefits',
  'steps',
  'inputsExplained',
  'formulaExplanation',
  'examples',
  'resultsExplanation',
  'whoItsFor',
  'disclaimer',
  'relatedTools',
  'faqs'
]
LangCalculatorClient: Loaded seoContent for budget-calculator (fr): true Keys: [
  'introduction',
  'benefits',
  'steps',
  'inputsExplained',
  'formulaExplanation',
  'examples',
  'resultsExplanation',
  'whoItsFor',
  'disclaimer',
  'relatedTools',
  'faqs'
]
LangCalculatorClient: Loaded seoContent for due-date-calculator (pt): true Keys: [
  'introduction',
  'benefits',
  'steps',
  'formulaExplanation',
  'examples',
  'whoItsFor',
  'disclaimer',
  'faqs'
]
LangCalculatorClient: Loaded seoContent for long-division-calculator (fr): true Keys: [
  'introduction',
  'benefits',
  'steps',
  'inputsExplained',
  'formulaExplanation',
  'examples',
  'resultsExplanation',
  'whoItsFor',
  'disclaimer',
  'relatedTools',
  'faqs'
]
LangCalculatorClient: Loaded seoContent for ear-calculator (pt): true Keys: [
  'introduction',
  'benefits',
  'steps',
  'inputsExplained',
  'formulaExplanation',
  'examples',
  'resultsExplanation',
  'whoItsFor',
  'disclaimer',
  'relatedTools',
  'faqs'
]
LangCalculatorClient: Loaded seoContent for love-calculator (en): true Keys: [
  'introduction',
  'benefits',
  'steps',
  'formulaExplanation',
  'examples',
  'whoItsFor',
  'disclaimer',
  'faqs'
]
LangCalculatorClient: Loaded seoContent for salary-payroll (es): true Keys: [
  'introduction',
  'benefits',
  'steps',
  'inputsExplained',
  'formulaExplanation',
  'whoItsFor',
  'disclaimer',
  'relatedTools',
  'faqs'
]
LangCalculatorClient: Loaded seoContent for stock-ratios-calculator (en): true Keys: [
  'introduction',
  'benefits',
  'steps',
  'inputsExplained',
  'formulaExplanation',
  'examples',
  'resultsExplanation',
  'whoItsFor',
  'disclaimer',
  'relatedTools',
  'faqs'
]
LangCalculatorClient: Loaded seoContent for effective-interest-rate-calculator (pt): true Keys: [
  'introduction',
  'benefits',
  'steps',
  'inputsExplained',
  'formulaExplanation',
  'examples',
  'resultsExplanation',
  'whoItsFor',
  'disclaimer',
  'relatedTools',
  'faqs'
]
LangCalculatorClient: Loaded seoContent for take-home-pay-calculator (fr): true Keys: [
  'introduction',
  'benefits',
  'howToUse',
  'formulaExplanation',
  'examples',
  'whoShouldUse',
  'importantNotes',
  'relatedTools',
  'faqs',
  'steps'
]
LangCalculatorClient: Loaded seoContent for emergency-fund (pt): true Keys: [
  'introduction',
  'benefits',
  'steps',
  'inputsExplained',
  'formulaExplanation',
  'whoItsFor',
  'disclaimer',
  'relatedTools',
  'faqs'
]
LangCalculatorClient: Loaded seoContent for tdee-calculator (en): true Keys: [
  'introduction',
  'benefits',
  'howToUse',
  'formulaExplanation',
  'examples',
  'whoShouldUse',
  'importantNotes',
  'relatedTools',
  'faqs',
  'steps'
]
LangCalculatorClient: Loaded seoContent for love-calculator (fr): true Keys: [
  'introduction',
  'benefits',
  'steps',
  'formulaExplanation',
  'examples',
  'whoItsFor',
  'disclaimer',
  'faqs'
]
LangCalculatorClient: Loaded seoContent for emi-calculator (pt): true Keys: [
  'introduction',
  'benefits',
  'steps',
  'inputsExplained',
  'formulaExplanation',
  'examples',
  'resultsExplanation',
  'whoItsFor',
  'disclaimer',
  'relatedTools',
  'faqs'
]
LangCalculatorClient: Loaded seoContent for salary-tax (es): true Keys: [
  'introduction',
  'benefits',
  'steps',
  'inputsExplained',
  'formulaExplanation',
  'whoItsFor',
  'disclaimer',
  'relatedTools',
  'faqs'
]
LangCalculatorClient: Loaded seoContent for inflation-calculator (es): true Keys: [
  'introduction',
  'benefits',
  'steps',
  'inputsExplained',
  'formulaExplanation',
  'examples',
  'resultsExplanation',
  'whoItsFor',
  'disclaimer',
  'relatedTools',
  'faqs'
]
LangCalculatorClient: Loaded seoContent for equivalent-interest-rate-calculator (pt): true Keys: [
  'introduction',
  'benefits',
  'steps',
  'inputsExplained',
  'formulaExplanation',
  'examples',
  'resultsExplanation',
  'whoItsFor',
  'disclaimer',
  'relatedTools',
  'faqs'
]
LangCalculatorClient: Loaded seoContent for credit-card-payoff (en): true Keys: [
  'introduction',
  'benefits',
  'steps',
  'inputsExplained',
  'formulaExplanation',
  'whoItsFor',
  'disclaimer',
  'relatedTools',
  'faqs'
]
LangCalculatorClient: Loaded seoContent for nominal-interest-rate-calculator (en): true Keys: [
  'introduction',
  'benefits',
  'steps',
  'inputsExplained',
  'formulaExplanation',
  'examples',
  'resultsExplanation',
  'whoItsFor',
  'disclaimer',
  'relatedTools',
  'faqs'
]
LangCalculatorClient: Loaded seoContent for sales-tax-calculator (es): true Keys: [
  'introduction',
  'benefits',
  'steps',
  'inputsExplained',
  'formulaExplanation',
  'examples',
  'resultsExplanation',
  'whoItsFor',
  'disclaimer',
  'relatedTools',
  'faqs'
]
LangCalculatorClient: Loaded seoContent for equal-principal-amortization-calculator (pt): true Keys: [
  'introduction',
  'benefits',
  'steps',
  'inputsExplained',
  'formulaExplanation',
  'examples',
  'resultsExplanation',
  'whoItsFor',
  'disclaimer',
  'relatedTools',
  'faqs'
]
LangCalculatorClient: Loaded seoContent for number-base-converter (en): true Keys: [
  'introduction',
  'benefits',
  'steps',
  'formulaExplanation',
  'examples',
  'whoItsFor',
  'disclaimer',
  'faqs'
]
LangCalculatorClient: Loaded seoContent for calorie-calculator (fr): true Keys: [
  'introduction',
  'benefits',
  'steps',
  'inputsExplained',
  'formulaExplanation',
  'examples',
  'resultsExplanation',
  'whoItsFor',
  'disclaimer',
  'relatedTools',
  'faqs'
]
LangCalculatorClient: Loaded seoContent for percent-calculator (pt): true Keys: [
  'introduction',
  'benefits',
  'steps',
  'inputsExplained',
  'formulaExplanation',
  'examples',
  'resultsExplanation',
  'whoItsFor',
  'disclaimer',
  'relatedTools',
  'faqs'
]
LangCalculatorClient: Loaded seoContent for numbers-to-words-converter (en): true Keys: [
  'introduction',
  'benefits',
  'steps',
  'inputsExplained',
  'formulaExplanation',
  'examples',
  'resultsExplanation',
  'whoItsFor',
  'disclaimer',
  'relatedTools',
  'faqs'
]
LangCalculatorClient: Loaded seoContent for car-affordability-calculator (fr): true Keys: [
  'introduction',
  'benefits',
  'steps',
  'inputsExplained',
  'formulaExplanation',
  'examples',
  'resultsExplanation',
  'whoItsFor',
  'disclaimer',
  'relatedTools',
  'faqs'
]
LangCalculatorClient: Loaded seoContent for interest-calculator (es): true Keys: [
  'introduction',
  'benefits',
  'steps',
  'inputsExplained',
  'formulaExplanation',
  'examples',
  'resultsExplanation',
  'whoItsFor',
  'disclaimer',
  'faqs'
]
LangCalculatorClient: Loaded seoContent for macro-calculator (fr): true Keys: [
  'introduction',
  'benefits',
  'steps',
  'inputsExplained',
  'formulaExplanation',
  'examples',
  'resultsExplanation',
  'whoItsFor',
  'disclaimer',
  'relatedTools',
  'faqs'
]
LangCalculatorClient: Loaded seoContent for blood-pressure-calculator (fr): true Keys: [
  'introduction',
  'benefits',
  'steps',
  'formulaExplanation',
  'examples',
  'faqs'
]
LangCalculatorClient: Loaded seoContent for maintenance-calories-calculator (fr): true Keys: [
  'introduction',
  'benefits',
  'howToUse',
  'formulaExplanation',
  'examples',
  'whoShouldUse',
  'importantNotes',
  'relatedTools',
  'faqs',
  'steps'
]
LangCalculatorClient: Loaded seoContent for surface-area-calculator (fr): true Keys: [
  'introduction',
  'benefits',
  'steps',
  'inputsExplained',
  'formulaExplanation',
  'examples',
  'resultsExplanation',
  'whoItsFor',
  'disclaimer',
  'relatedTools',
  'faqs'
]
LangCalculatorClient: Loaded seoContent for crypto-roi-calculator (en): true Keys: [
  'introduction',
  'benefits',
  'steps',
  'inputsExplained',
  'formulaExplanation',
  'examples',
  'resultsExplanation',
  'whoItsFor',
  'disclaimer',
  'relatedTools',
  'faqs'
]
LangCalculatorClient: Loaded seoContent for exam-score-predictor (pt): true Keys: [
  'introduction',
  'benefits',
  'steps',
  'inputsExplained',
  'formulaExplanation',
  'whoItsFor',
  'disclaimer',
  'relatedTools',
  'faqs'
]
LangCalculatorClient: Loaded seoContent for expense-calculator (pt): true Keys: [
  'introduction',
  'benefits',
  'steps',
  'inputsExplained',
  'formulaExplanation',
  'examples',
  'resultsExplanation',
  'whoItsFor',
  'disclaimer',
  'relatedTools',
  'faqs'
]
LangCalculatorClient: Loaded seoContent for savings-calculator (es): true Keys: [
  'introduction',
  'benefits',
  'steps',
  'inputsExplained',
  'formulaExplanation',
  'examples',
  'resultsExplanation',
  'whoItsFor',
  'disclaimer',
  'faqs'
]
LangCalculatorClient: Loaded seoContent for car-insurance-calculator (fr): true Keys: [
  'introduction',
  'benefits',
  'steps',
  'inputsExplained',
  'formulaExplanation',
  'examples',
  'resultsExplanation',
  'whoItsFor',
  'disclaimer',
  'relatedTools',
  'faqs'
]
LangCalculatorClient: Loaded seoContent for currency-converter (en): true Keys: [
  'introduction',
  'benefits',
  'steps',
  'inputsExplained',
  'formulaExplanation',
  'examples',
  'resultsExplanation',
  'whoItsFor',
  'disclaimer',
  'relatedTools',
  'faqs'
]
LangCalculatorClient: Loaded seoContent for operations-ratios-calculator (en): true Keys: [
  'introduction',
  'benefits',
  'steps',
  'inputsExplained',
  'formulaExplanation',
  'whoItsFor',
  'disclaimer',
  'relatedTools',
  'faqs'
]
LangCalculatorClient: Loaded seoContent for tank-volume-calculator (fr): true Keys: [
  'introduction',
  'benefits',
  'steps',
  'inputsExplained',
  'formulaExplanation',
  'examples',
  'resultsExplanation',
  'whoItsFor',
  'disclaimer',
  'relatedTools',
  'faqs'
]
LangCalculatorClient: Loaded seoContent for mean-median-mode-calculator (fr): true Keys: [
  'introduction',
  'benefits',
  'steps',
  'inputsExplained',
  'formulaExplanation',
  'examples',
  'resultsExplanation',
  'whoItsFor',
  'disclaimer',
  'relatedTools',
  'faqs'
]
LangCalculatorClient: Loaded seoContent for car-loan-calculator (fr): true Keys: [
  'introduction',
  'benefits',
  'steps',
  'inputsExplained',
  'formulaExplanation',
  'examples',
  'resultsExplanation',
  'whoItsFor',
  'disclaimer',
  'relatedTools',
  'faqs'
]
LangCalculatorClient: Loaded seoContent for overtime-pay-calculator (en): true Keys: [
  'introduction',
  'benefits',
  'howToUse',
  'formulaExplanation',
  'examples',
  'whoShouldUse',
  'importantNotes',
  'relatedTools',
  'faqs',
  'steps'
]
LangCalculatorClient: Loaded seoContent for date-calculator (en): true Keys: [
  'introduction',
  'benefits',
  'steps',
  'inputsExplained',
  'formulaExplanation',
  'examples',
  'resultsExplanation',
  'whoItsFor',
  'disclaimer',
  'relatedTools',
  'faqs'
]
LangCalculatorClient: Loaded seoContent for interest-only-mortgage-calculator (es): true Keys: [
  'introduction',
  'benefits',
  'steps',
  'inputsExplained',
  'formulaExplanation',
  'examples',
  'resultsExplanation',
  'whoItsFor',
  'disclaimer',
  'relatedTools',
  'faqs'
]
LangCalculatorClient: Loaded seoContent for exponent-calculator (pt): true Keys: [
  'introduction',
  'benefits',
  'steps',
  'inputsExplained',
  'formulaExplanation',
  'examples',
  'resultsExplanation',
  'whoItsFor',
  'disclaimer',
  'relatedTools',
  'faqs'
]
LangCalculatorClient: Loaded seoContent for percentile-calculator (pt): true Keys: [
  'introduction',
  'benefits',
  'steps',
  'inputsExplained',
  'formulaExplanation',
  'whoItsFor',
  'disclaimer',
  'relatedTools',
  'faqs'
]
LangCalculatorClient: Loaded seoContent for savings-goal (es): true Keys: [ 'introduction', 'benefits', 'steps', 'faqs' ]
LangCalculatorClient: Loaded seoContent for personal-budget (pt): true Keys: [
  'introduction',
  'benefits',
  'steps',
  'inputsExplained',
  'formulaExplanation',
  'whoItsFor',
  'disclaimer',
  'relatedTools',
  'faqs'
]
LangCalculatorClient: Loaded seoContent for tax-calculator (fr): true Keys: [
  'introduction',
  'benefits',
  'steps',
  'inputsExplained',
  'formulaExplanation',
  'examples',
  'resultsExplanation',
  'whoItsFor',
  'disclaimer',
  'relatedTools',
  'faqs'
]
LangCalculatorClient: Loaded seoContent for midpoint-calculator (fr): false Keys: none
LangCalculatorClient: Loaded seoContent for periodic-interest-rate-calculator (pt): true Keys: [
  'introduction',
  'benefits',
  'steps',
  'inputsExplained',
  'formulaExplanation',
  'examples',
  'resultsExplanation',
  'whoItsFor',
  'disclaimer',
  'relatedTools',
  'faqs'
]
LangCalculatorClient: Loaded seoContent for debt-consolidation-calculator (en): true Keys: [
  'introduction',
  'benefits',
  'steps',
  'inputsExplained',
  'formulaExplanation',
  'examples',
  'resultsExplanation',
  'whoItsFor',
  'disclaimer',
  'relatedTools',
  'faqs'
]
LangCalculatorClient: Loaded seoContent for interest-rate-table-calculator (es): true Keys: [
  'introduction',
  'benefits',
  'steps',
  'inputsExplained',
  'formulaExplanation',
  'examples',
  'resultsExplanation',
  'whoItsFor',
  'disclaimer',
  'relatedTools',
  'faqs'
]
LangCalculatorClient: Loaded seoContent for mortgage-calculator (fr): true Keys: [
  'metaTitle',          'metaDescription',
  'keywords',           'h1',
  'introduction',       'benefits',
  'steps',              'inputsExplained',
  'formulaExplanation', 'examples',
  'resultsExplanation', 'whoItsFor',
  'disclaimer',         'relatedTools',
  'faqs'
]
LangCalculatorClient: Loaded seoContent for tip-calculator (en): true Keys: [
  'introduction',
  'benefits',
  'steps',
  'inputsExplained',
  'formulaExplanation',
  'examples',
  'resultsExplanation',
  'whoItsFor',
  'disclaimer',
  'relatedTools',
  'faqs'
]
LangCalculatorClient: Loaded seoContent for ovulation-calculator (en): true Keys: [
  'introduction',
  'benefits',
  'steps',
  'inputsExplained',
  'formulaExplanation',
  'examples',
  'resultsExplanation',
  'whoItsFor',
  'disclaimer',
  'relatedTools',
  'faqs'
]
LangCalculatorClient: Loaded seoContent for net-income-calculator (fr): true Keys: [
  'introduction',
  'benefits',
  'howToUse',
  'formulaExplanation',
  'examples',
  'whoShouldUse',
  'importantNotes',
  'relatedTools',
  'faqs',
  'steps'
]
LangCalculatorClient: Loaded seoContent for pregnancy-calculator (pt): true Keys: [
  'introduction',
  'benefits',
  'steps',
  'formulaExplanation',
  'examples',
  'faqs'
]
LangCalculatorClient: Loaded seoContent for factorial-calculator (pt): false Keys: none
LangCalculatorClient: Loaded seoContent for feet-inches-calculator (pt): true Keys: [
  'introduction',
  'benefits',
  'steps',
  'inputsExplained',
  'formulaExplanation',
  'examples',
  'resultsExplanation',
  'whoItsFor',
  'disclaimer',
  'relatedTools',
  'faqs'
]
LangCalculatorClient: Loaded seoContent for savings-interest (es): true Keys: [
  'introduction',
  'benefits',
  'steps',
  'inputsExplained',
  'formulaExplanation',
  'whoItsFor',
  'disclaimer',
  'relatedTools',
  'faqs'
]
LangCalculatorClient: Loaded seoContent for circle-circumference-calculator (fr): true Keys: [
  'introduction',
  'benefits',
  'steps',
  'inputsExplained',
  'formulaExplanation',
  'examples',
  'resultsExplanation',
  'whoItsFor',
  'disclaimer',
  'relatedTools',
  'faqs'
]
LangCalculatorClient: Loaded seoContent for debt-payoff-calculator (en): true Keys: [
  'introduction',
  'benefits',
  'steps',
  'inputsExplained',
  'formulaExplanation',
  'examples',
  'resultsExplanation',
  'whoItsFor',
  'disclaimer',
  'relatedTools',
  'faqs'
]
LangCalculatorClient: Loaded seoContent for pace-calculator (en): true Keys: [
  'introduction',
  'benefits',
  'steps',
  'formulaExplanation',
  'examples',
  'whoItsFor',
  'disclaimer',
  'faqs'
]
LangCalculatorClient: Loaded seoContent for investment-calculator (es): true Keys: [
  'introduction',
  'benefits',
  'steps',
  'inputsExplained',
  'formulaExplanation',
  'whoItsFor',
  'disclaimer',
  'relatedTools',
  'faqs'
]
LangCalculatorClient: Loaded seoContent for debt-ratios-calculator (en): true Keys: [
  'introduction',
  'benefits',
  'steps',
  'inputsExplained',
  'formulaExplanation',
  'examples',
  'resultsExplanation',
  'whoItsFor',
  'disclaimer',
  'relatedTools',
  'faqs'
]
LangCalculatorClient: Loaded seoContent for password-generator-calculator (en): true Keys: [
  'introduction',
  'benefits',
  'steps',
  'inputsExplained',
  'formulaExplanation',
  'examples',
  'resultsExplanation',
  'whoItsFor',
  'disclaimer',
  'relatedTools',
  'faqs'
]
LangCalculatorClient: Loaded seoContent for debt-to-income-calculator (en): true Keys: [
  'introduction',
  'benefits',
  'steps',
  'inputsExplained',
  'formulaExplanation',
  'whoItsFor',
  'disclaimer',
  'relatedTools',
  'faqs'
]
LangCalculatorClient: Loaded seoContent for percentage-calculator (pt): true Keys: [
  'introduction',
  'benefits',
  'steps',
  'inputsExplained',
  'formulaExplanation',
  'examples',
  'resultsExplanation',
  'whoItsFor',
  'disclaimer',
  'relatedTools',
  'faqs'
]
LangCalculatorClient: Loaded seoContent for investment-return (es): true Keys: [
  'introduction',
  'benefits',
  'steps',
  'inputsExplained',
  'formulaExplanation',
  'whoItsFor',
  'disclaimer',
  'relatedTools',
  'faqs'
]
LangCalculatorClient: Loaded seoContent for triangle-area-calculator (en): true Keys: [
  'introduction',
  'benefits',
  'steps',
  'inputsExplained',
  'formulaExplanation',
  'examples',
  'resultsExplanation',
  'whoItsFor',
  'disclaimer',
  'relatedTools',
  'faqs'
]
LangCalculatorClient: Loaded seoContent for scientific-calculator (es): true Keys: [
  'introduction',
  'benefits',
  'steps',
  'inputsExplained',
  'formulaExplanation',
  'examples',
  'resultsExplanation',
  'whoItsFor',
  'disclaimer',
  'relatedTools',
  'faqs'
]
LangCalculatorClient: Loaded seoContent for investment-planner (es): true Keys: [
  'introduction',
  'benefits',
  'steps',
  'inputsExplained',
  'formulaExplanation',
  'whoItsFor',
  'disclaimer',
  'relatedTools',
  'faqs'
]
LangCalculatorClient: Loaded seoContent for fraction-calculator (pt): true Keys: [
  'introduction',
  'benefits',
  'steps',
  'inputsExplained',
  'formulaExplanation',
  'examples',
  'resultsExplanation',
  'whoItsFor',
  'disclaimer',
  'relatedTools',
  'faqs'
]
LangCalculatorClient: Loaded seoContent for lean-body-mass-calculator (es): true Keys: [
  'introduction',
  'benefits',
  'howToUse',
  'formulaExplanation',
  'examples',
  'whoShouldUse',
  'importantNotes',
  'relatedTools',
  'faqs',
  'steps'
]
LangCalculatorClient: Loaded seoContent for tdee-calculator (fr): true Keys: [
  'introduction',
  'benefits',
  'howToUse',
  'formulaExplanation',
  'examples',
  'whoShouldUse',
  'importantNotes',
  'relatedTools',
  'faqs',
  'steps'
]
LangCalculatorClient: Loaded seoContent for compound-interest-calculator (fr): true Keys: [
  'introduction',
  'benefits',
  'steps',
  'inputsExplained',
  'formulaExplanation',
  'examples',
  'resultsExplanation',
  'whoItsFor',
  'disclaimer',
  'relatedTools',
  'faqs'
]
LangCalculatorClient: Loaded seoContent for due-date-calculator (en): true Keys: [
  'introduction',
  'benefits',
  'steps',
  'formulaExplanation',
  'examples',
  'whoItsFor',
  'disclaimer',
  'faqs'
]
LangCalculatorClient: Loaded seoContent for decimal-to-fraction-calculator (en): true Keys: [
  'introduction',
  'benefits',
  'steps',
  'inputsExplained',
  'formulaExplanation',
  'examples',
  'resultsExplanation',
  'whoItsFor',
  'disclaimer',
  'relatedTools',
  'faqs'
]
LangCalculatorClient: Loaded seoContent for net-worth (fr): true Keys: [
  'introduction',
  'benefits',
  'steps',
  'inputsExplained',
  'formulaExplanation',
  'whoItsFor',
  'disclaimer',
  'relatedTools',
  'faqs'
]
LangCalculatorClient: Loaded seoContent for shipping-cost (es): true Keys: [
  'introduction',
  'benefits',
  'steps',
  'inputsExplained',
  'formulaExplanation',
  'whoItsFor',
  'disclaimer',
  'relatedTools',
  'faqs'
]
LangCalculatorClient: Loaded seoContent for trip-planner (en): true Keys: [
  'introduction',
  'benefits',
  'steps',
  'inputsExplained',
  'formulaExplanation',
  'whoItsFor',
  'disclaimer',
  'relatedTools',
  'faqs'
]
LangCalculatorClient: Loaded seoContent for nominal-interest-rate-calculator (fr): true Keys: [
  'introduction',
  'benefits',
  'steps',
  'inputsExplained',
  'formulaExplanation',
  'examples',
  'resultsExplanation',
  'whoItsFor',
  'disclaimer',
  'relatedTools',
  'faqs'
]
LangCalculatorClient: Loaded seoContent for prime-factorization-calculator (pt): false Keys: none
LangCalculatorClient: Loaded seoContent for credit-card-payoff (fr): true Keys: [
  'introduction',
  'benefits',
  'steps',
  'inputsExplained',
  'formulaExplanation',
  'whoItsFor',
  'disclaimer',
  'relatedTools',
  'faqs'
]
LangCalculatorClient: Loaded seoContent for unit-conversion-calculator (en): true Keys: [
  'introduction',
  'benefits',
  'steps',
  'inputsExplained',
  'formulaExplanation',
  'examples',
  'resultsExplanation',
  'whoItsFor',
  'disclaimer',
  'relatedTools',
  'faqs'
]
LangCalculatorClient: Loaded seoContent for fraction-decimal (pt): true Keys: [
  'introduction',
  'benefits',
  'steps',
  'inputsExplained',
  'formulaExplanation',
  'whoItsFor',
  'disclaimer',
  'relatedTools',
  'faqs'
]
LangCalculatorClient: Loaded seoContent for percentage-calculator (en): true Keys: [
  'introduction',
  'benefits',
  'steps',
  'inputsExplained',
  'formulaExplanation',
  'examples',
  'resultsExplanation',
  'whoItsFor',
  'disclaimer',
  'relatedTools',
  'faqs'
]
LangCalculatorClient: Loaded seoContent for fuel-cost (pt): true Keys: [
  'introduction',
  'benefits',
  'steps',
  'inputsExplained',
  'formulaExplanation',
  'whoItsFor',
  'disclaimer',
  'relatedTools',
  'faqs'
]
LangCalculatorClient: Loaded seoContent for ear-calculator (en): true Keys: [
  'introduction',
  'benefits',
  'steps',
  'inputsExplained',
  'formulaExplanation',
  'examples',
  'resultsExplanation',
  'whoItsFor',
  'disclaimer',
  'relatedTools',
  'faqs'
]
LangCalculatorClient: Loaded seoContent for life-insurance-calculator (es): true Keys: [
  'introduction',
  'benefits',
  'steps',
  'inputsExplained',
  'formulaExplanation',
  'examples',
  'resultsExplanation',
  'whoItsFor',
  'disclaimer',
  'relatedTools',
  'faqs'
]
LangCalculatorClient: Loaded seoContent for tip-calculator (fr): true Keys: [
  'introduction',
  'benefits',
  'steps',
  'inputsExplained',
  'formulaExplanation',
  'examples',
  'resultsExplanation',
  'whoItsFor',
  'disclaimer',
  'relatedTools',
  'faqs'
]
LangCalculatorClient: Loaded seoContent for emergency-fund (en): true Keys: [
  'introduction',
  'benefits',
  'steps',
  'inputsExplained',
  'formulaExplanation',
  'whoItsFor',
  'disclaimer',
  'relatedTools',
  'faqs'
]
LangCalculatorClient: Loaded seoContent for probability-calculator (pt): true Keys: [
  'introduction',
  'benefits',
  'steps',
  'inputsExplained',
  'formulaExplanation',
  'whoItsFor',
  'disclaimer',
  'relatedTools',
  'faqs'
]
LangCalculatorClient: Loaded seoContent for simple-interest-calculator (es): true Keys: [
  'introduction',
  'benefits',
  'steps',
  'inputsExplained',
  'formulaExplanation',
  'examples',
  'resultsExplanation',
  'whoItsFor',
  'disclaimer',
  'relatedTools',
  'faqs'
]
LangCalculatorClient: Loaded seoContent for emi-calculator (en): true Keys: [
  'introduction',
  'benefits',
  'steps',
  'inputsExplained',
  'formulaExplanation',
  'examples',
  'resultsExplanation',
  'whoItsFor',
  'disclaimer',
  'relatedTools',
  'faqs'
]
LangCalculatorClient: Loaded seoContent for number-base-converter (fr): true Keys: [
  'introduction',
  'benefits',
  'steps',
  'formulaExplanation',
  'examples',
  'whoItsFor',
  'disclaimer',
  'faqs'
]
LangCalculatorClient: Loaded seoContent for equal-principal-amortization-calculator (en): true Keys: [
  'introduction',
  'benefits',
  'steps',
  'inputsExplained',
  'formulaExplanation',
  'examples',
  'resultsExplanation',
  'whoItsFor',
  'disclaimer',
  'relatedTools',
  'faqs'
]
LangCalculatorClient: Loaded seoContent for profitability-ratios-calculator (pt): true Keys: [
  'introduction',
  'benefits',
  'steps',
  'inputsExplained',
  'formulaExplanation',
  'examples',
  'resultsExplanation',
  'whoItsFor',
  'disclaimer',
  'relatedTools',
  'faqs'
]
LangCalculatorClient: Loaded seoContent for future-value-calculator (pt): true Keys: [
  'introduction',
  'benefits',
  'steps',
  'inputsExplained',
  'formulaExplanation',
  'examples',
  'resultsExplanation',
  'whoItsFor',
  'disclaimer',
  'relatedTools',
  'faqs'
]
LangCalculatorClient: Loaded seoContent for effective-interest-rate-calculator (en): true Keys: [
  'introduction',
  'benefits',
  'steps',
  'inputsExplained',
  'formulaExplanation',
  'examples',
  'resultsExplanation',
  'whoItsFor',
  'disclaimer',
  'relatedTools',
  'faqs'
]
LangCalculatorClient: Loaded seoContent for property-tax-calculator (pt): true Keys: [
  'introduction',
  'benefits',
  'steps',
  'inputsExplained',
  'formulaExplanation',
  'examples',
  'resultsExplanation',
  'whoItsFor',
  'disclaimer',
  'relatedTools',
  'faqs'
]
LangCalculatorClient: Loaded seoContent for linear-equation (es): true Keys: [
  'introduction',
  'benefits',
  'steps',
  'inputsExplained',
  'formulaExplanation',
  'whoItsFor',
  'disclaimer',
  'relatedTools',
  'faqs'
]
LangCalculatorClient: Loaded seoContent for equivalent-interest-rate-calculator (en): true Keys: [
  'introduction',
  'benefits',
  'steps',
  'inputsExplained',
  'formulaExplanation',
  'examples',
  'resultsExplanation',
  'whoItsFor',
  'disclaimer',
  'relatedTools',
  'faqs'
]
LangCalculatorClient: Loaded seoContent for numbers-to-words-converter (fr): true Keys: [
  'introduction',
  'benefits',
  'steps',
  'inputsExplained',
  'formulaExplanation',
  'examples',
  'resultsExplanation',
  'whoItsFor',
  'disclaimer',
  'relatedTools',
  'faqs'
]
LangCalculatorClient: Loaded seoContent for percent-calculator (en): true Keys: [
  'introduction',
  'benefits',
  'steps',
  'inputsExplained',
  'formulaExplanation',
  'examples',
  'resultsExplanation',
  'whoItsFor',
  'disclaimer',
  'relatedTools',
  'faqs'
]
LangCalculatorClient: Loaded seoContent for circle-area-calculator (fr): true Keys: [
  'introduction',
  'benefits',
  'steps',
  'inputsExplained',
  'formulaExplanation',
  'examples',
  'resultsExplanation',
  'whoItsFor',
  'disclaimer',
  'relatedTools',
  'faqs'
]
LangCalculatorClient: Loaded seoContent for unit-converter (en): true Keys: [
  'introduction',
  'benefits',
  'steps',
  'inputsExplained',
  'formulaExplanation',
  'examples',
  'resultsExplanation',
  'whoItsFor',
  'disclaimer',
  'relatedTools',
  'faqs'
]
LangCalculatorClient: Loaded seoContent for liquidity-ratios-calculator (es): true Keys: [
  'introduction',
  'benefits',
  'steps',
  'inputsExplained',
  'formulaExplanation',
  'examples',
  'resultsExplanation',
  'whoItsFor',
  'disclaimer',
  'relatedTools',
  'faqs'
]
LangCalculatorClient: Loaded seoContent for gcd-lcm-calculator (pt): true Keys: [
  'introduction',
  'benefits',
  'steps',
  'inputsExplained',
  'formulaExplanation',
  'examples',
  'resultsExplanation',
  'whoItsFor',
  'disclaimer',
  'relatedTools',
  'faqs'
]
LangCalculatorClient: Loaded seoContent for loan-affordability-calculator (es): true Keys: [
  'introduction',
  'benefits',
  'steps',
  'inputsExplained',
  'formulaExplanation',
  'examples',
  'resultsExplanation',
  'whoItsFor',
  'disclaimer',
  'relatedTools',
  'faqs'
]
LangCalculatorClient: Loaded seoContent for operations-ratios-calculator (fr): true Keys: [
  'introduction',
  'benefits',
  'steps',
  'inputsExplained',
  'formulaExplanation',
  'examples',
  'resultsExplanation',
  'whoItsFor',
  'disclaimer',
  'relatedTools',
  'faqs'
]
LangCalculatorClient: Loaded seoContent for slope-calculator (es): false Keys: none
LangCalculatorClient: Loaded seoContent for pythagorean-theorem-calculator (pt): true Keys: [
  'introduction',
  'benefits',
  'steps',
  'inputsExplained',
  'formulaExplanation',
  'examples',
  'resultsExplanation',
  'whoItsFor',
  'disclaimer',
  'relatedTools',
  'faqs'
]
LangCalculatorClient: Loaded seoContent for factorial-calculator (en): false Keys: none
LangCalculatorClient: Loaded seoContent for trip-planner (fr): true Keys: [
  'introduction',
  'benefits',
  'steps',
  'inputsExplained',
  'formulaExplanation',
  'whoItsFor',
  'disclaimer',
  'relatedTools',
  'faqs'
]
LangCalculatorClient: Loaded seoContent for square-footage-calculator (es): true Keys: [
  'introduction',
  'benefits',
  'steps',
  'inputsExplained',
  'formulaExplanation',
  'examples',
  'resultsExplanation',
  'whoItsFor',
  'disclaimer',
  'relatedTools',
  'faqs'
]
LangCalculatorClient: Loaded seoContent for overtime-pay-calculator (fr): true Keys: [
  'introduction',
  'benefits',
  'howToUse',
  'formulaExplanation',
  'examples',
  'whoShouldUse',
  'importantNotes',
  'relatedTools',
  'faqs',
  'steps'
]
LangCalculatorClient: Loaded seoContent for percentage-change-calculator (en): true Keys: [
  'introduction',
  'benefits',
  'steps',
  'inputsExplained',
  'formulaExplanation',
  'examples',
  'resultsExplanation',
  'whoItsFor',
  'disclaimer',
  'relatedTools',
  'faqs'
]
LangCalculatorClient: Loaded seoContent for exponent-calculator (en): true Keys: [
  'introduction',
  'benefits',
  'steps',
  'inputsExplained',
  'formulaExplanation',
  'examples',
  'resultsExplanation',
  'whoItsFor',
  'disclaimer',
  'relatedTools',
  'faqs'
]
LangCalculatorClient: Loaded seoContent for credit-card-calculator (fr): true Keys: [
  'introduction',
  'benefits',
  'steps',
  'inputsExplained',
  'formulaExplanation',
  'examples',
  'resultsExplanation',
  'whoItsFor',
  'disclaimer',
  'relatedTools',
  'faqs'
]
LangCalculatorClient: Loaded seoContent for volume-calculator (en): true Keys: [
  'introduction',
  'benefits',
  'steps',
  'inputsExplained',
  'formulaExplanation',
  'examples',
  'resultsExplanation',
  'whoItsFor',
  'disclaimer',
  'relatedTools',
  'faqs'
]
LangCalculatorClient: Loaded seoContent for loan-affordability (es): true Keys: [
  'introduction',
  'benefits',
  'steps',
  'inputsExplained',
  'formulaExplanation',
  'whoItsFor',
  'disclaimer',
  'relatedTools',
  'faqs'
]
LangCalculatorClient: Loaded seoContent for triangle-area-calculator (fr): true Keys: [
  'introduction',
  'benefits',
  'steps',
  'inputsExplained',
  'formulaExplanation',
  'examples',
  'resultsExplanation',
  'whoItsFor',
  'disclaimer',
  'relatedTools',
  'faqs'
]
LangCalculatorClient: Loaded seoContent for feet-inches-calculator (en): true Keys: [
  'introduction',
  'benefits',
  'steps',
  'inputsExplained',
  'formulaExplanation',
  'examples',
  'resultsExplanation',
  'whoItsFor',
  'disclaimer',
  'relatedTools',
  'faqs'
]
LangCalculatorClient: Loaded seoContent for geometry-area (pt): true Keys: [
  'introduction',
  'benefits',
  'steps',
  'inputsExplained',
  'formulaExplanation',
  'whoItsFor',
  'disclaimer',
  'relatedTools',
  'faqs'
]
LangCalculatorClient: Loaded seoContent for loan-calculator (es): true Keys: [
  'introduction',
  'benefits',
  'steps',
  'inputsExplained',
  'formulaExplanation',
  'examples',
  'resultsExplanation',
  'whoItsFor',
  'disclaimer',
  'relatedTools',
  'faqs'
]
LangCalculatorClient: Loaded seoContent for gpa-calculator (pt): true Keys: [
  'introduction',
  'benefits',
  'steps',
  'inputsExplained',
  'formulaExplanation',
  'examples',
  'resultsExplanation',
  'whoItsFor',
  'disclaimer',
  'relatedTools',
  'faqs'
]
LangCalculatorClient: Loaded seoContent for loan-comparison (es): true Keys: [
  'introduction',
  'benefits',
  'steps',
  'inputsExplained',
  'formulaExplanation',
  'whoItsFor',
  'disclaimer',
  'relatedTools',
  'faqs'
]
LangCalculatorClient: Loaded seoContent for ovulation-calculator (fr): true Keys: [
  'introduction',
  'benefits',
  'steps',
  'formulaExplanation',
  'examples',
  'faqs'
]
LangCalculatorClient: Loaded seoContent for loan-payment-table-generator (es): true Keys: [
  'introduction',
  'benefits',
  'steps',
  'inputsExplained',
  'formulaExplanation',
  'examples',
  'resultsExplanation',
  'whoItsFor',
  'disclaimer',
  'relatedTools',
  'faqs'
]
LangCalculatorClient: Loaded seoContent for pace-calculator (fr): true Keys: [
  'introduction',
  'benefits',
  'steps',
  'formulaExplanation',
  'examples',
  'whoItsFor',
  'disclaimer',
  'faqs'
]
LangCalculatorClient: Loaded seoContent for protein-intake-calculator (pt): true Keys: [
  'introduction',
  'benefits',
  'howToUse',
  'formulaExplanation',
  'examples',
  'whoShouldUse',
  'importantNotes',
  'relatedTools',
  'faqs',
  'steps'
]
LangCalculatorClient: Loaded seoContent for loan-repayment (es): true Keys: [
  'introduction',
  'benefits',
  'steps',
  'inputsExplained',
  'formulaExplanation',
  'whoItsFor',
  'disclaimer',
  'relatedTools',
  'faqs'
]
LangCalculatorClient: Loaded seoContent for fraction-calculator (en): true Keys: [
  'introduction',
  'benefits',
  'steps',
  'inputsExplained',
  'formulaExplanation',
  'examples',
  'resultsExplanation',
  'whoItsFor',
  'disclaimer',
  'relatedTools',
  'faqs'
]
LangCalculatorClient: Loaded seoContent for waist-to-hip-ratio-calculator (en): true Keys: [
  'introduction',
  'benefits',
  'howToUse',
  'formulaExplanation',
  'examples',
  'whoShouldUse',
  'importantNotes',
  'relatedTools',
  'faqs',
  'steps'
]
LangCalculatorClient: Loaded seoContent for password-generator-calculator (fr): true Keys: [
  'introduction',
  'benefits',
  'steps',
  'inputsExplained',
  'formulaExplanation',
  'examples',
  'resultsExplanation',
  'whoItsFor',
  'disclaimer',
  'relatedTools',
  'faqs'
]
LangCalculatorClient: Loaded seoContent for percentile-calculator (en): true Keys: [
  'introduction',
  'benefits',
  'steps',
  'inputsExplained',
  'formulaExplanation',
  'whoItsFor',
  'disclaimer',
  'relatedTools',
  'faqs'
]
LangCalculatorClient: Loaded seoContent for logarithm-calculator (es): false Keys: none
LangCalculatorClient: Loaded seoContent for volume-calculator (fr): true Keys: [
  'introduction',
  'benefits',
  'steps',
  'inputsExplained',
  'formulaExplanation',
  'examples',
  'resultsExplanation',
  'whoItsFor',
  'disclaimer',
  'relatedTools',
  'faqs'
]
LangCalculatorClient: Loaded seoContent for grade-calculator (pt): true Keys: [
  'introduction',
  'benefits',
  'steps',
  'formulaExplanation',
  'examples',
  'faqs'
]
LangCalculatorClient: Loaded seoContent for concrete-calculator (fr): true Keys: [
  'introduction',
  'benefits',
  'steps',
  'inputsExplained',
  'formulaExplanation',
  'examples',
  'resultsExplanation',
  'whoItsFor',
  'disclaimer',
  'relatedTools',
  'faqs'
]
LangCalculatorClient: Loaded seoContent for social-security-calculator (es): true Keys: [
  'introduction',
  'benefits',
  'steps',
  'inputsExplained',
  'formulaExplanation',
  'examples',
  'resultsExplanation',
  'whoItsFor',
  'disclaimer',
  'relatedTools',
  'faqs'
]
LangCalculatorClient: Loaded seoContent for personal-budget (en): true Keys: [
  'introduction',
  'benefits',
  'steps',
  'inputsExplained',
  'formulaExplanation',
  'whoItsFor',
  'disclaimer',
  'relatedTools',
  'faqs'
]
LangCalculatorClient: Loaded seoContent for health-insurance-calculator (pt): true Keys: [
  'introduction',
  'benefits',
  'steps',
  'inputsExplained',
  'formulaExplanation',
  'examples',
  'resultsExplanation',
  'whoItsFor',
  'disclaimer',
  'relatedTools',
  'faqs'
]
LangCalculatorClient: Loaded seoContent for long-division-calculator (es): true Keys: [
  'introduction',
  'benefits',
  'steps',
  'inputsExplained',
  'formulaExplanation',
  'examples',
  'resultsExplanation',
  'whoItsFor',
  'disclaimer',
  'relatedTools',
  'faqs'
]
LangCalculatorClient: Loaded seoContent for quadratic-equation-calculator (pt): true Keys: [
  'introduction',
  'benefits',
  'steps',
  'inputsExplained',
  'formulaExplanation',
  'examples',
  'resultsExplanation',
  'whoItsFor',
  'disclaimer',
  'relatedTools',
  'faqs'
]
LangCalculatorClient: Loaded seoContent for sleep-calculator (es): true Keys: [
  'introduction',
  'benefits',
  'steps',
  'inputsExplained',
  'formulaExplanation',
  'whoItsFor',
  'disclaimer',
  'relatedTools',
  'faqs'
]
LangCalculatorClient: Loaded seoContent for water-intake-calculator (en): true Keys: [
  'introduction',
  'benefits',
  'howToUse',
  'formulaExplanation',
  'examples',
  'whoShouldUse',
  'importantNotes',
  'relatedTools',
  'faqs',
  'steps'
]
LangCalculatorClient: Loaded seoContent for periodic-interest-rate-calculator (en): true Keys: [
  'introduction',
  'benefits',
  'steps',
  'inputsExplained',
  'formulaExplanation',
  'examples',
  'resultsExplanation',
  'whoItsFor',
  'disclaimer',
  'relatedTools',
  'faqs'
]
LangCalculatorClient: Loaded seoContent for paycheck-calculator (fr): true Keys: [
  'introduction',
  'benefits',
  'steps',
  'inputsExplained',
  'formulaExplanation',
  'examples',
  'resultsExplanation',
  'whoItsFor',
  'disclaimer',
  'relatedTools',
  'faqs'
]
LangCalculatorClient: Loaded seoContent for square-root-calculator (es): false Keys: none
LangCalculatorClient: Loaded seoContent for fraction-decimal (en): true Keys: [
  'introduction',
  'benefits',
  'steps',
  'inputsExplained',
  'formulaExplanation',
  'whoItsFor',
  'disclaimer',
  'relatedTools',
  'faqs'
]
LangCalculatorClient: Loaded seoContent for paycheck-calculator (en): true Keys: [
  'introduction',
  'benefits',
  'steps',
  'inputsExplained',
  'formulaExplanation',
  'examples',
  'resultsExplanation',
  'whoItsFor',
  'disclaimer',
  'relatedTools',
  'faqs'
]
LangCalculatorClient: Loaded seoContent for height-calculator (pt): true Keys: [
  'introduction',
  'benefits',
  'steps',
  'formulaExplanation',
  'examples',
  'whoItsFor',
  'disclaimer',
  'faqs'
]
LangCalculatorClient: Loaded seoContent for love-calculator (es): true Keys: [
  'introduction',
  'benefits',
  'steps',
  'formulaExplanation',
  'examples',
  'whoItsFor',
  'disclaimer',
  'faqs'
]
LangCalculatorClient: Loaded seoContent for fuel-cost (en): true Keys: [
  'introduction',
  'benefits',
  'steps',
  'inputsExplained',
  'formulaExplanation',
  'whoItsFor',
  'disclaimer',
  'relatedTools',
  'faqs'
]
LangCalculatorClient: Loaded seoContent for home-affordability-calculator (pt): true Keys: [
  'introduction',
  'benefits',
  'steps',
  'inputsExplained',
  'formulaExplanation',
  'examples',
  'resultsExplanation',
  'whoItsFor',
  'disclaimer',
  'relatedTools',
  'faqs'
]
LangCalculatorClient: Loaded seoContent for expense-calculator (en): true Keys: [
  'introduction',
  'benefits',
  'steps',
  'inputsExplained',
  'formulaExplanation',
  'examples',
  'resultsExplanation',
  'whoItsFor',
  'disclaimer',
  'relatedTools',
  'faqs'
]
LangCalculatorClient: Loaded seoContent for waist-to-hip-ratio-calculator (fr): true Keys: [
  'introduction',
  'benefits',
  'howToUse',
  'formulaExplanation',
  'examples',
  'whoShouldUse',
  'importantNotes',
  'relatedTools',
  'faqs',
  'steps'
]
LangCalculatorClient: Loaded seoContent for standard-deviation-calculator (es): true Keys: [
  'introduction',
  'benefits',
  'steps',
  'inputsExplained',
  'formulaExplanation',
  'examples',
  'resultsExplanation',
  'whoItsFor',
  'disclaimer',
  'relatedTools',
  'faqs'
]
LangCalculatorClient: Loaded seoContent for ratio-calculator (pt): true Keys: [
  'introduction',
  'benefits',
  'steps',
  'inputsExplained',
  'formulaExplanation',
  'examples',
  'resultsExplanation',
  'whoItsFor',
  'disclaimer',
  'relatedTools',
  'faqs'
]
  Generating static pages using 13 workers (402/804) 
LangCalculatorClient: Loaded seoContent for unit-converter (fr): true Keys: [
  'introduction',
  'benefits',
  'steps',
  'inputsExplained',
  'formulaExplanation',
  'examples',
  'resultsExplanation',
  'whoItsFor',
  'disclaimer',
  'relatedTools',
  'faqs'
]
LangCalculatorClient: Loaded seoContent for stock-ratios-calculator (es): true Keys: [
  'introduction',
  'benefits',
  'steps',
  'inputsExplained',
  'formulaExplanation',
  'examples',
  'resultsExplanation',
  'whoItsFor',
  'disclaimer',
  'relatedTools',
  'faqs'
]
LangCalculatorClient: Loaded seoContent for hourly-to-salary-calculator (pt): true Keys: [
  'introduction',
  'benefits',
  'howToUse',
  'formulaExplanation',
  'examples',
  'whoShouldUse',
  'importantNotes',
  'relatedTools',
  'faqs',
  'steps'
]
LangCalculatorClient: Loaded seoContent for macro-calculator (es): true Keys: [
  'introduction',
  'benefits',
  'steps',
  'inputsExplained',
  'formulaExplanation',
  'examples',
  'resultsExplanation',
  'whoItsFor',
  'disclaimer',
  'relatedTools',
  'faqs'
]
LangCalculatorClient: Loaded seoContent for currency-converter (fr): true Keys: [
  'introduction',
  'benefits',
  'steps',
  'inputsExplained',
  'formulaExplanation',
  'examples',
  'resultsExplanation',
  'whoItsFor',
  'disclaimer',
  'relatedTools',
  'faqs'
]
LangCalculatorClient: Loaded seoContent for exam-score-predictor (en): true Keys: [
  'introduction',
  'benefits',
  'steps',
  'inputsExplained',
  'formulaExplanation',
  'whoItsFor',
  'disclaimer',
  'relatedTools',
  'faqs'
]
LangCalculatorClient: Loaded seoContent for maintenance-calories-calculator (es): true Keys: [
  'introduction',
  'benefits',
  'howToUse',
  'formulaExplanation',
  'examples',
  'whoShouldUse',
  'importantNotes',
  'relatedTools',
  'faqs',
  'steps'
]
LangCalculatorClient: Loaded seoContent for crypto-roi-calculator (fr): true Keys: [
  'introduction',
  'benefits',
  'steps',
  'inputsExplained',
  'formulaExplanation',
  'examples',
  'resultsExplanation',
  'whoItsFor',
  'disclaimer',
  'relatedTools',
  'faqs'
]
LangCalculatorClient: Loaded seoContent for pregnancy-calculator (en): true Keys: [
  'introduction',
  'benefits',
  'steps',
  'inputsExplained',
  'formulaExplanation',
  'examples',
  'resultsExplanation',
  'whoItsFor',
  'disclaimer',
  'relatedTools',
  'faqs'
]
LangCalculatorClient: Loaded seoContent for word-counter-calculator (en): true Keys: [
  'introduction',
  'benefits',
  'steps',
  'inputsExplained',
  'formulaExplanation',
  'examples',
  'resultsExplanation',
  'whoItsFor',
  'disclaimer',
  'relatedTools',
  'faqs'
]
LangCalculatorClient: Loaded seoContent for percent-calculator (fr): true Keys: [
  'introduction',
  'benefits',
  'steps',
  'inputsExplained',
  'formulaExplanation',
  'examples',
  'resultsExplanation',
  'whoItsFor',
  'disclaimer',
  'relatedTools',
  'faqs'
]
LangCalculatorClient: Loaded seoContent for unit-conversion-calculator (fr): true Keys: [
  'introduction',
  'benefits',
  'steps',
  'inputsExplained',
  'formulaExplanation',
  'examples',
  'resultsExplanation',
  'whoItsFor',
  'disclaimer',
  'relatedTools',
  'faqs'
]
LangCalculatorClient: Loaded seoContent for ratio-proportion (pt): true Keys: [
  'introduction',
  'benefits',
  'steps',
  'inputsExplained',
  'formulaExplanation',
  'whoItsFor',
  'disclaimer',
  'relatedTools',
  'faqs'
]
LangCalculatorClient: Loaded seoContent for future-value-calculator (en): true Keys: [
  'introduction',
  'benefits',
  'steps',
  'inputsExplained',
  'formulaExplanation',
  'examples',
  'resultsExplanation',
  'whoItsFor',
  'disclaimer',
  'relatedTools',
  'faqs'
]
LangCalculatorClient: Loaded seoContent for 401k-calculator (es): true Keys: [
  'introduction',
  'benefits',
  'steps',
  'inputsExplained',
  'formulaExplanation',
  'examples',
  'resultsExplanation',
  'whoItsFor',
  'disclaimer',
  'relatedTools',
  'faqs'
]
LangCalculatorClient: Loaded seoContent for mean-median-mode-calculator (es): true Keys: [
  'introduction',
  'benefits',
  'steps',
  'inputsExplained',
  'formulaExplanation',
  'examples',
  'resultsExplanation',
  'whoItsFor',
  'disclaimer',
  'relatedTools',
  'faqs'
]
LangCalculatorClient: Loaded seoContent for advanced-loan-calculator (es): true Keys: [
  'introduction',
  'benefits',
  'steps',
  'inputsExplained',
  'formulaExplanation',
  'examples',
  'resultsExplanation',
  'whoItsFor',
  'disclaimer',
  'relatedTools',
  'faqs'
]
LangCalculatorClient: Loaded seoContent for retirement-calculator (pt): true Keys: [
  'introduction',
  'benefits',
  'steps',
  'inputsExplained',
  'formulaExplanation',
  'examples',
  'resultsExplanation',
  'whoItsFor',
  'disclaimer',
  'relatedTools',
  'faqs'
]
LangCalculatorClient: Loaded seoContent for income-tax-calculator (pt): true Keys: [
  'introduction',
  'benefits',
  'howToUse',
  'formulaExplanation',
  'examples',
  'whoShouldUse',
  'importantNotes',
  'relatedTools',
  'faqs',
  'steps'
]
LangCalculatorClient: Loaded seoContent for stock-return-calculator (es): true Keys: [
  'introduction',
  'benefits',
  'steps',
  'inputsExplained',
  'formulaExplanation',
  'examples',
  'resultsExplanation',
  'whoItsFor',
  'disclaimer',
  'relatedTools',
  'faqs'
]
LangCalculatorClient: Loaded seoContent for age-calculator (es): true Keys: [
  'introduction',
  'benefits',
  'steps',
  'inputsExplained',
  'formulaExplanation',
  'examples',
  'resultsExplanation',
  'whoItsFor',
  'disclaimer',
  'relatedTools',
  'faqs'
]
LangCalculatorClient: Loaded seoContent for prime-factorization-calculator (en): false Keys: none
LangCalculatorClient: Loaded seoContent for date-calculator (fr): true Keys: [
  'introduction',
  'benefits',
  'steps',
  'inputsExplained',
  'formulaExplanation',
  'examples',
  'resultsExplanation',
  'whoItsFor',
  'disclaimer',
  'relatedTools',
  'faqs'
]
LangCalculatorClient: Loaded seoContent for percentage-calculator (fr): true Keys: [
  'introduction',
  'benefits',
  'steps',
  'inputsExplained',
  'formulaExplanation',
  'examples',
  'resultsExplanation',
  'whoItsFor',
  'disclaimer',
  'relatedTools',
  'faqs'
]
LangCalculatorClient: Loaded seoContent for probability-calculator (en): true Keys: [
  'introduction',
  'benefits',
  'steps',
  'inputsExplained',
  'formulaExplanation',
  'whoItsFor',
  'disclaimer',
  'relatedTools',
  'faqs'
]
LangCalculatorClient: Loaded seoContent for study-hours-planner (es): true Keys: [
  'introduction',
  'benefits',
  'steps',
  'inputsExplained',
  'formulaExplanation',
  'whoItsFor',
  'disclaimer',
  'relatedTools',
  'faqs'
]
LangCalculatorClient: Loaded seoContent for midpoint-calculator (es): false Keys: none
LangCalculatorClient: Loaded seoContent for gcd-lcm-calculator (en): true Keys: [
  'introduction',
  'benefits',
  'steps',
  'inputsExplained',
  'formulaExplanation',
  'examples',
  'resultsExplanation',
  'whoItsFor',
  'disclaimer',
  'relatedTools',
  'faqs'
]
LangCalculatorClient: Loaded seoContent for take-home-pay-calculator (es): true Keys: [
  'introduction',
  'benefits',
  'howToUse',
  'formulaExplanation',
  'examples',
  'whoShouldUse',
  'importantNotes',
  'relatedTools',
  'faqs',
  'steps'
]
LangCalculatorClient: Loaded seoContent for water-intake-calculator (fr): true Keys: [
  'introduction',
  'benefits',
  'howToUse',
  'formulaExplanation',
  'examples',
  'whoShouldUse',
  'importantNotes',
  'relatedTools',
  'faqs',
  'steps'
]
LangCalculatorClient: Loaded seoContent for profitability-ratios-calculator (en): true Keys: [
  'introduction',
  'benefits',
  'steps',
  'inputsExplained',
  'formulaExplanation',
  'examples',
  'resultsExplanation',
  'whoItsFor',
  'disclaimer',
  'relatedTools',
  'faqs'
]
LangCalculatorClient: Loaded seoContent for debt-consolidation-calculator (fr): true Keys: [
  'introduction',
  'benefits',
  'steps',
  'inputsExplained',
  'formulaExplanation',
  'examples',
  'resultsExplanation',
  'whoItsFor',
  'disclaimer',
  'relatedTools',
  'faqs'
]
LangCalculatorClient: Loaded seoContent for amortization-schedule-calculator (es): true Keys: [
  'introduction',
  'benefits',
  'steps',
  'inputsExplained',
  'formulaExplanation',
  'examples',
  'resultsExplanation',
  'whoItsFor',
  'disclaimer',
  'relatedTools',
  'faqs'
]
LangCalculatorClient: Loaded seoContent for mortgage-calculator (es): true Keys: [
  'metaTitle',          'metaDescription',
  'keywords',           'h1',
  'introduction',       'benefits',
  'steps',              'inputsExplained',
  'formulaExplanation', 'examples',
  'resultsExplanation', 'whoItsFor',
  'disclaimer',         'howDoesWork',
  'completeGuide',      'relatedTools',
  'faqs'
]
LangCalculatorClient: Loaded seoContent for apr-calculator (es): true Keys: [
  'introduction',
  'benefits',
  'steps',
  'inputsExplained',
  'formulaExplanation',
  'examples',
  'resultsExplanation',
  'whoItsFor',
  'disclaimer',
  'relatedTools',
  'faqs'
]
LangCalculatorClient: Loaded seoContent for property-tax-calculator (en): true Keys: [
  'introduction',
  'benefits',
  'steps',
  'inputsExplained',
  'formulaExplanation',
  'examples',
  'resultsExplanation',
  'whoItsFor',
  'disclaimer',
  'relatedTools',
  'faqs'
]
LangCalculatorClient: Loaded seoContent for basic-apr-calculator (es): true Keys: [
  'introduction',
  'benefits',
  'steps',
  'inputsExplained',
  'formulaExplanation',
  'examples',
  'resultsExplanation',
  'whoItsFor',
  'disclaimer',
  'relatedTools',
  'faqs'
]
LangCalculatorClient: Loaded seoContent for average-calculator (es): true Keys: [
  'introduction',
  'benefits',
  'steps',
  'inputsExplained',
  'formulaExplanation',
  'examples',
  'resultsExplanation',
  'whoItsFor',
  'disclaimer',
  'faqs'
]
LangCalculatorClient: Loaded seoContent for retirement-plan (pt): true Keys: [
  'introduction',
  'benefits',
  'steps',
  'inputsExplained',
  'formulaExplanation',
  'whoItsFor',
  'disclaimer',
  'relatedTools',
  'faqs'
]
LangCalculatorClient: Loaded seoContent for geometry-area (en): true Keys: [
  'introduction',
  'benefits',
  'steps',
  'inputsExplained',
  'formulaExplanation',
  'whoItsFor',
  'disclaimer',
  'relatedTools',
  'faqs'
]
LangCalculatorClient: Loaded seoContent for ideal-weight-calculator (pt): true Keys: [
  'introduction',
  'benefits',
  'steps',
  'inputsExplained',
  'formulaExplanation',
  'examples',
  'resultsExplanation',
  'whoItsFor',
  'disclaimer',
  'relatedTools',
  'faqs'
]
LangCalculatorClient: Loaded seoContent for net-income-calculator (es): true Keys: [
  'introduction',
  'benefits',
  'howToUse',
  'formulaExplanation',
  'examples',
  'whoShouldUse',
  'importantNotes',
  'relatedTools',
  'faqs',
  'steps'
]
LangCalculatorClient: Loaded seoContent for debt-payoff-calculator (fr): true Keys: [
  'introduction',
  'benefits',
  'steps',
  'inputsExplained',
  'formulaExplanation',
  'examples',
  'resultsExplanation',
  'whoItsFor',
  'disclaimer',
  'relatedTools',
  'faqs'
]
LangCalculatorClient: Loaded seoContent for inflation-calculator (pt): true Keys: [
  'introduction',
  'benefits',
  'steps',
  'inputsExplained',
  'formulaExplanation',
  'examples',
  'resultsExplanation',
  'whoItsFor',
  'disclaimer',
  'relatedTools',
  'faqs'
]
LangCalculatorClient: Loaded seoContent for debt-ratios-calculator (fr): true Keys: [
  'introduction',
  'benefits',
  'steps',
  'inputsExplained',
  'formulaExplanation',
  'examples',
  'resultsExplanation',
  'whoItsFor',
  'disclaimer',
  'relatedTools',
  'faqs'
]
LangCalculatorClient: Loaded seoContent for retirement-savings (pt): true Keys: [
  'introduction',
  'benefits',
  'steps',
  'inputsExplained',
  'formulaExplanation',
  'examples',
  'resultsExplanation',
  'whoItsFor',
  'disclaimer',
  'relatedTools',
  'faqs'
]
LangCalculatorClient: Loaded seoContent for gpa-calculator (en): true Keys: [
  'introduction',
  'benefits',
  'steps',
  'inputsExplained',
  'formulaExplanation',
  'examples',
  'resultsExplanation',
  'whoItsFor',
  'disclaimer',
  'relatedTools',
  'faqs'
]
LangCalculatorClient: Loaded seoContent for percentile-calculator (fr): true Keys: [
  'introduction',
  'benefits',
  'steps',
  'inputsExplained',
  'formulaExplanation',
  'whoItsFor',
  'disclaimer',
  'relatedTools',
  'faqs'
]
LangCalculatorClient: Loaded seoContent for debt-to-income-calculator (fr): true Keys: [
  'introduction',
  'benefits',
  'steps',
  'inputsExplained',
  'formulaExplanation',
  'whoItsFor',
  'disclaimer',
  'relatedTools',
  'faqs'
]
LangCalculatorClient: Loaded seoContent for pythagorean-theorem-calculator (en): true Keys: [
  'introduction',
  'benefits',
  'steps',
  'inputsExplained',
  'formulaExplanation',
  'examples',
  'resultsExplanation',
  'whoItsFor',
  'disclaimer',
  'relatedTools',
  'faqs'
]
LangCalculatorClient: Loaded seoContent for decimal-to-fraction-calculator (fr): true Keys: [
  'introduction',
  'benefits',
  'steps',
  'inputsExplained',
  'formulaExplanation',
  'examples',
  'resultsExplanation',
  'whoItsFor',
  'disclaimer',
  'relatedTools',
  'faqs'
]
LangCalculatorClient: Loaded seoContent for word-counter-calculator (fr): true Keys: [
  'introduction',
  'benefits',
  'steps',
  'inputsExplained',
  'formulaExplanation',
  'examples',
  'resultsExplanation',
  'whoItsFor',
  'disclaimer',
  'relatedTools',
  'faqs'
]
LangCalculatorClient: Loaded seoContent for interest-calculator (pt): true Keys: [
  'introduction',
  'benefits',
  'steps',
  'inputsExplained',
  'formulaExplanation',
  'examples',
  'resultsExplanation',
  'whoItsFor',
  'disclaimer',
  'faqs'
]
LangCalculatorClient: Loaded seoContent for roman-numeral-converter (pt): true Keys: [
  'introduction',
  'benefits',
  'steps',
  'formulaExplanation',
  'examples',
  'whoItsFor',
  'disclaimer',
  'faqs'
]
LangCalculatorClient: Loaded seoContent for periodic-interest-rate-calculator (fr): true Keys: [
  'introduction',
  'benefits',
  'steps',
  'inputsExplained',
  'formulaExplanation',
  'examples',
  'resultsExplanation',
  'whoItsFor',
  'disclaimer',
  'relatedTools',
  'faqs'
]
LangCalculatorClient: Loaded seoContent for surface-area-calculator (es): true Keys: [
  'introduction',
  'benefits',
  'steps',
  'inputsExplained',
  'formulaExplanation',
  'examples',
  'resultsExplanation',
  'whoItsFor',
  'disclaimer',
  'relatedTools',
  'faqs'
]
LangCalculatorClient: Loaded seoContent for grade-calculator (en): true Keys: [
  'introduction',
  'benefits',
  'steps',
  'inputsExplained',
  'formulaExplanation',
  'examples',
  'resultsExplanation',
  'whoItsFor',
  'disclaimer',
  'relatedTools',
  'faqs'
]
LangCalculatorClient: Loaded seoContent for health-insurance-calculator (en): true Keys: [
  'introduction',
  'benefits',
  'steps',
  'inputsExplained',
  'formulaExplanation',
  'examples',
  'resultsExplanation',
  'whoItsFor',
  'disclaimer',
  'relatedTools',
  'faqs'
]
LangCalculatorClient: Loaded seoContent for net-worth (es): true Keys: [
  'introduction',
  'benefits',
  'steps',
  'inputsExplained',
  'formulaExplanation',
  'whoItsFor',
  'disclaimer',
  'relatedTools',
  'faqs'
]
LangCalculatorClient: Loaded seoContent for roth-ira-calculator (pt): true Keys: [
  'introduction',
  'benefits',
  'steps',
  'inputsExplained',
  'formulaExplanation',
  'examples',
  'resultsExplanation',
  'whoItsFor',
  'disclaimer',
  'relatedTools',
  'faqs'
]
LangCalculatorClient: Loaded seoContent for personal-budget (fr): true Keys: [
  'introduction',
  'benefits',
  'steps',
  'inputsExplained',
  'formulaExplanation',
  'whoItsFor',
  'disclaimer',
  'relatedTools',
  'faqs'
]
LangCalculatorClient: Loaded seoContent for biweekly-pay-calculator (es): true Keys: [
  'introduction',
  'benefits',
  'steps',
  'formulaExplanation',
  'examples',
  'faqs'
]
LangCalculatorClient: Loaded seoContent for bmi-calculator (es): true Keys: [
  'introduction',
  'benefits',
  'steps',
  'inputsExplained',
  'formulaExplanation',
  'examples',
  'resultsExplanation',
  'whoItsFor',
  'disclaimer',
  'relatedTools',
  'faqs'
]
LangCalculatorClient: Loaded seoContent for percentage-change-calculator (fr): true Keys: [
  'introduction',
  'benefits',
  'steps',
  'inputsExplained',
  'formulaExplanation',
  'examples',
  'resultsExplanation',
  'whoItsFor',
  'disclaimer',
  'relatedTools',
  'faqs'
]
LangCalculatorClient: Loaded seoContent for salary-calculator (pt): true Keys: [
  'introduction',
  'benefits',
  'howToUse',
  'formulaExplanation',
  'examples',
  'whoShouldUse',
  'importantNotes',
  'relatedTools',
  'faqs',
  'steps'
]
LangCalculatorClient: Loaded seoContent for protein-intake-calculator (en): true Keys: [
  'introduction',
  'benefits',
  'howToUse',
  'formulaExplanation',
  'examples',
  'whoShouldUse',
  'importantNotes',
  'relatedTools',
  'faqs',
  'steps'
]
LangCalculatorClient: Loaded seoContent for height-calculator (en): true Keys: [
  'introduction',
  'benefits',
  'steps',
  'formulaExplanation',
  'examples',
  'whoItsFor',
  'disclaimer',
  'faqs'
]
LangCalculatorClient: Loaded seoContent for tank-volume-calculator (es): true Keys: [
  'introduction',
  'benefits',
  'steps',
  'inputsExplained',
  'formulaExplanation',
  'examples',
  'resultsExplanation',
  'whoItsFor',
  'disclaimer',
  'relatedTools',
  'faqs'
]
LangCalculatorClient: Loaded seoContent for bmr-calculator (es): true Keys: [
  'introduction',
  'benefits',
  'steps',
  'inputsExplained',
  'formulaExplanation',
  'examples',
  'resultsExplanation',
  'whoItsFor',
  'disclaimer',
  'relatedTools',
  'faqs'
]
LangCalculatorClient: Loaded seoContent for interest-only-mortgage-calculator (pt): true Keys: [
  'introduction',
  'benefits',
  'steps',
  'inputsExplained',
  'formulaExplanation',
  'examples',
  'resultsExplanation',
  'whoItsFor',
  'disclaimer',
  'relatedTools',
  'faqs'
]
LangCalculatorClient: Loaded seoContent for nominal-interest-rate-calculator (es): true Keys: [
  'introduction',
  'benefits',
  'steps',
  'inputsExplained',
  'formulaExplanation',
  'examples',
  'resultsExplanation',
  'whoItsFor',
  'disclaimer',
  'relatedTools',
  'faqs'
]
LangCalculatorClient: Loaded seoContent for body-fat-calculator (es): true Keys: [
  'introduction',
  'benefits',
  'steps',
  'inputsExplained',
  'formulaExplanation',
  'examples',
  'resultsExplanation',
  'whoItsFor',
  'disclaimer',
  'relatedTools',
  'faqs'
]
LangCalculatorClient: Loaded seoContent for quadratic-equation-calculator (en): true Keys: [
  'introduction',
  'benefits',
  'steps',
  'inputsExplained',
  'formulaExplanation',
  'examples',
  'resultsExplanation',
  'whoItsFor',
  'disclaimer',
  'relatedTools',
  'faqs'
]
LangCalculatorClient: Loaded seoContent for home-affordability-calculator (en): true Keys: [
  'introduction',
  'benefits',
  'steps',
  'inputsExplained',
  'formulaExplanation',
  'examples',
  'resultsExplanation',
  'whoItsFor',
  'disclaimer',
  'relatedTools',
  'faqs'
]
LangCalculatorClient: Loaded seoContent for blood-pressure-calculator (es): true Keys: [
  'introduction',
  'benefits',
  'steps',
  'formulaExplanation',
  'examples',
  'faqs'
]
LangCalculatorClient: Loaded seoContent for ear-calculator (fr): true Keys: [
  'introduction',
  'benefits',
  'steps',
  'inputsExplained',
  'formulaExplanation',
  'examples',
  'resultsExplanation',
  'whoItsFor',
  'disclaimer',
  'relatedTools',
  'faqs'
]
LangCalculatorClient: Loaded seoContent for budget-calculator (es): true Keys: [
  'introduction',
  'benefits',
  'steps',
  'inputsExplained',
  'formulaExplanation',
  'examples',
  'resultsExplanation',
  'whoItsFor',
  'disclaimer',
  'relatedTools',
  'faqs'
]
LangCalculatorClient: Loaded seoContent for emergency-fund (fr): true Keys: [
  'introduction',
  'benefits',
  'steps',
  'inputsExplained',
  'formulaExplanation',
  'whoItsFor',
  'disclaimer',
  'relatedTools',
  'faqs'
]
LangCalculatorClient: Loaded seoContent for number-base-converter (es): true Keys: [
  'introduction',
  'benefits',
  'steps',
  'formulaExplanation',
  'examples',
  'whoItsFor',
  'disclaimer',
  'faqs'
]
LangCalculatorClient: Loaded seoContent for emi-calculator (fr): true Keys: [
  'introduction',
  'benefits',
  'steps',
  'inputsExplained',
  'formulaExplanation',
  'examples',
  'resultsExplanation',
  'whoItsFor',
  'disclaimer',
  'relatedTools',
  'faqs'
]
LangCalculatorClient: Loaded seoContent for effective-interest-rate-calculator (fr): true Keys: [
  'introduction',
  'benefits',
  'steps',
  'inputsExplained',
  'formulaExplanation',
  'examples',
  'resultsExplanation',
  'whoItsFor',
  'disclaimer',
  'relatedTools',
  'faqs'
]
LangCalculatorClient: Loaded seoContent for operations-ratios-calculator (es): true Keys: [
  'introduction',
  'benefits',
  'steps',
  'inputsExplained',
  'formulaExplanation',
  'examples',
  'resultsExplanation',
  'whoItsFor',
  'disclaimer',
  'relatedTools',
  'faqs'
]
LangCalculatorClient: Loaded seoContent for equivalent-interest-rate-calculator (fr): true Keys: [
  'introduction',
  'benefits',
  'steps',
  'inputsExplained',
  'formulaExplanation',
  'examples',
  'resultsExplanation',
  'whoItsFor',
  'disclaimer',
  'relatedTools',
  'faqs'
]
LangCalculatorClient: Loaded seoContent for interest-rate-table-calculator (pt): true Keys: [
  'introduction',
  'benefits',
  'steps',
  'inputsExplained',
  'formulaExplanation',
  'examples',
  'resultsExplanation',
  'whoItsFor',
  'disclaimer',
  'relatedTools',
  'faqs'
]
LangCalculatorClient: Loaded seoContent for overtime-pay-calculator (es): true Keys: [
  'introduction',
  'benefits',
  'howToUse',
  'formulaExplanation',
  'examples',
  'whoShouldUse',
  'importantNotes',
  'relatedTools',
  'faqs',
  'steps'
]
LangCalculatorClient: Loaded seoContent for investment-calculator (pt): true Keys: [
  'introduction',
  'benefits',
  'steps',
  'inputsExplained',
  'formulaExplanation',
  'whoItsFor',
  'disclaimer',
  'relatedTools',
  'faqs'
]
LangCalculatorClient: Loaded seoContent for salary-payroll (pt): true Keys: [
  'introduction',
  'benefits',
  'steps',
  'inputsExplained',
  'formulaExplanation',
  'whoItsFor',
  'disclaimer',
  'relatedTools',
  'faqs'
]
LangCalculatorClient: Loaded seoContent for tax-calculator (es): true Keys: [
  'introduction',
  'benefits',
  'steps',
  'inputsExplained',
  'formulaExplanation',
  'examples',
  'resultsExplanation',
  'whoItsFor',
  'disclaimer',
  'relatedTools',
  'faqs'
]
LangCalculatorClient: Loaded seoContent for equal-principal-amortization-calculator (fr): true Keys: [
  'introduction',
  'benefits',
  'steps',
  'inputsExplained',
  'formulaExplanation',
  'examples',
  'resultsExplanation',
  'whoItsFor',
  'disclaimer',
  'relatedTools',
  'faqs'
]
LangCalculatorClient: Loaded seoContent for pregnancy-calculator (fr): true Keys: [
  'introduction',
  'benefits',
  'steps',
  'formulaExplanation',
  'examples',
  'faqs'
]
LangCalculatorClient: Loaded seoContent for hourly-to-salary-calculator (en): true Keys: [
  'introduction',
  'benefits',
  'howToUse',
  'formulaExplanation',
  'examples',
  'whoShouldUse',
  'importantNotes',
  'relatedTools',
  'faqs',
  'steps'
]
LangCalculatorClient: Loaded seoContent for ratio-calculator (en): true Keys: [
  'introduction',
  'benefits',
  'steps',
  'inputsExplained',
  'formulaExplanation',
  'examples',
  'resultsExplanation',
  'whoItsFor',
  'disclaimer',
  'relatedTools',
  'faqs'
]
LangCalculatorClient: Loaded seoContent for calorie-calculator (es): true Keys: [
  'introduction',
  'benefits',
  'steps',
  'inputsExplained',
  'formulaExplanation',
  'examples',
  'resultsExplanation',
  'whoItsFor',
  'disclaimer',
  'relatedTools',
  'faqs'
]
LangCalculatorClient: Loaded seoContent for exam-score-predictor (fr): true Keys: [
  'introduction',
  'benefits',
  'steps',
  'inputsExplained',
  'formulaExplanation',
  'whoItsFor',
  'disclaimer',
  'relatedTools',
  'faqs'
]
LangCalculatorClient: Loaded seoContent for prime-factorization-calculator (fr): false Keys: none
LangCalculatorClient: Loaded seoContent for due-date-calculator (fr): true Keys: [
  'introduction',
  'benefits',
  'steps',
  'formulaExplanation',
  'examples',
  'whoItsFor',
  'disclaimer',
  'faqs'
]
LangCalculatorClient: Loaded seoContent for investment-planner (pt): true Keys: [
  'introduction',
  'benefits',
  'steps',
  'inputsExplained',
  'formulaExplanation',
  'whoItsFor',
  'disclaimer',
  'relatedTools',
  'faqs'
]
LangCalculatorClient: Loaded seoContent for car-affordability-calculator (es): true Keys: [
  'introduction',
  'benefits',
  'steps',
  'inputsExplained',
  'formulaExplanation',
  'examples',
  'resultsExplanation',
  'whoItsFor',
  'disclaimer',
  'relatedTools',
  'faqs'
]
LangCalculatorClient: Loaded seoContent for numbers-to-words-converter (es): true Keys: [
  'introduction',
  'benefits',
  'steps',
  'inputsExplained',
  'formulaExplanation',
  'examples',
  'resultsExplanation',
  'whoItsFor',
  'disclaimer',
  'relatedTools',
  'faqs'
]
LangCalculatorClient: Loaded seoContent for exponent-calculator (fr): true Keys: [
  'introduction',
  'benefits',
  'steps',
  'inputsExplained',
  'formulaExplanation',
  'examples',
  'resultsExplanation',
  'whoItsFor',
  'disclaimer',
  'relatedTools',
  'faqs'
]
LangCalculatorClient: Loaded seoContent for salary-tax (pt): true Keys: [
  'introduction',
  'benefits',
  'steps',
  'inputsExplained',
  'formulaExplanation',
  'whoItsFor',
  'disclaimer',
  'relatedTools',
  'faqs'
]
LangCalculatorClient: Loaded seoContent for tdee-calculator (es): true Keys: [
  'introduction',
  'benefits',
  'howToUse',
  'formulaExplanation',
  'examples',
  'whoShouldUse',
  'importantNotes',
  'relatedTools',
  'faqs',
  'steps'
]
LangCalculatorClient: Loaded seoContent for investment-return (pt): true Keys: [
  'introduction',
  'benefits',
  'steps',
  'inputsExplained',
  'formulaExplanation',
  'whoItsFor',
  'disclaimer',
  'relatedTools',
  'faqs'
]
LangCalculatorClient: Loaded seoContent for sales-tax-calculator (pt): true Keys: [
  'introduction',
  'benefits',
  'steps',
  'inputsExplained',
  'formulaExplanation',
  'examples',
  'resultsExplanation',
  'whoItsFor',
  'disclaimer',
  'relatedTools',
  'faqs'
]
LangCalculatorClient: Loaded seoContent for probability-calculator (fr): true Keys: [
  'introduction',
  'benefits',
  'steps',
  'inputsExplained',
  'formulaExplanation',
  'whoItsFor',
  'disclaimer',
  'relatedTools',
  'faqs'
]
LangCalculatorClient: Loaded seoContent for linear-equation (pt): true Keys: [
  'introduction',
  'benefits',
  'steps',
  'inputsExplained',
  'formulaExplanation',
  'whoItsFor',
  'disclaimer',
  'relatedTools',
  'faqs'
]
LangCalculatorClient: Loaded seoContent for protein-intake-calculator (fr): true Keys: [
  'introduction',
  'benefits',
  'howToUse',
  'formulaExplanation',
  'examples',
  'whoShouldUse',
  'importantNotes',
  'relatedTools',
  'faqs',
  'steps'
]
LangCalculatorClient: Loaded seoContent for ideal-weight-calculator (en): true Keys: [
  'introduction',
  'benefits',
  'steps',
  'inputsExplained',
  'formulaExplanation',
  'examples',
  'resultsExplanation',
  'whoItsFor',
  'disclaimer',
  'relatedTools',
  'faqs'
]
LangCalculatorClient: Loaded seoContent for car-insurance-calculator (es): true Keys: [
  'introduction',
  'benefits',
  'steps',
  'inputsExplained',
  'formulaExplanation',
  'examples',
  'resultsExplanation',
  'whoItsFor',
  'disclaimer',
  'relatedTools',
  'faqs'
]
LangCalculatorClient: Loaded seoContent for ratio-proportion (en): true Keys: [
  'introduction',
  'benefits',
  'steps',
  'inputsExplained',
  'formulaExplanation',
  'whoItsFor',
  'disclaimer',
  'relatedTools',
  'faqs'
]
LangCalculatorClient: Loaded seoContent for liquidity-ratios-calculator (pt): true Keys: [
  'introduction',
  'benefits',
  'steps',
  'inputsExplained',
  'formulaExplanation',
  'examples',
  'resultsExplanation',
  'whoItsFor',
  'disclaimer',
  'relatedTools',
  'faqs'
]
LangCalculatorClient: Loaded seoContent for retirement-savings (en): true Keys: [
  'introduction',
  'benefits',
  'steps',
  'inputsExplained',
  'formulaExplanation',
  'examples',
  'resultsExplanation',
  'whoItsFor',
  'disclaimer',
  'relatedTools',
  'faqs'
]
LangCalculatorClient: Loaded seoContent for income-tax-calculator (en): true Keys: [
  'introduction',
  'benefits',
  'howToUse',
  'formulaExplanation',
  'examples',
  'whoShouldUse',
  'importantNotes',
  'relatedTools',
  'faqs',
  'steps'
]
LangCalculatorClient: Loaded seoContent for circle-area-calculator (es): true Keys: [
  'introduction',
  'benefits',
  'steps',
  'inputsExplained',
  'formulaExplanation',
  'examples',
  'resultsExplanation',
  'whoItsFor',
  'disclaimer',
  'relatedTools',
  'faqs'
]
LangCalculatorClient: Loaded seoContent for property-tax-calculator (fr): true Keys: [
  'introduction',
  'benefits',
  'steps',
  'inputsExplained',
  'formulaExplanation',
  'examples',
  'resultsExplanation',
  'whoItsFor',
  'disclaimer',
  'relatedTools',
  'faqs'
]
LangCalculatorClient: Loaded seoContent for expense-calculator (fr): true Keys: [
  'introduction',
  'benefits',
  'steps',
  'inputsExplained',
  'formulaExplanation',
  'examples',
  'resultsExplanation',
  'whoItsFor',
  'disclaimer',
  'relatedTools',
  'faqs'
]
LangCalculatorClient: Loaded seoContent for loan-affordability-calculator (pt): true Keys: [
  'introduction',
  'benefits',
  'steps',
  'inputsExplained',
  'formulaExplanation',
  'examples',
  'resultsExplanation',
  'whoItsFor',
  'disclaimer',
  'relatedTools',
  'faqs'
]
LangCalculatorClient: Loaded seoContent for ovulation-calculator (es): true Keys: [
  'introduction',
  'benefits',
  'steps',
  'formulaExplanation',
  'examples',
  'faqs'
]
LangCalculatorClient: Loaded seoContent for loan-affordability (pt): true Keys: [
  'introduction',
  'benefits',
  'steps',
  'inputsExplained',
  'formulaExplanation',
  'whoItsFor',
  'disclaimer',
  'relatedTools',
  'faqs'
]
LangCalculatorClient: Loaded seoContent for savings-calculator (pt): true Keys: [
  'introduction',
  'benefits',
  'steps',
  'inputsExplained',
  'formulaExplanation',
  'examples',
  'resultsExplanation',
  'whoItsFor',
  'disclaimer',
  'faqs'
]
LangCalculatorClient: Loaded seoContent for pace-calculator (es): true Keys: [
  'introduction',
  'benefits',
  'steps',
  'formulaExplanation',
  'examples',
  'whoItsFor',
  'disclaimer',
  'faqs'
]
LangCalculatorClient: Loaded seoContent for life-insurance-calculator (pt): true Keys: [
  'introduction',
  'benefits',
  'steps',
  'inputsExplained',
  'formulaExplanation',
  'examples',
  'resultsExplanation',
  'whoItsFor',
  'disclaimer',
  'relatedTools',
  'faqs'
]
LangCalculatorClient: Loaded seoContent for interest-calculator (en): true Keys: [
  'introduction',
  'benefits',
  'steps',
  'inputsExplained',
  'formulaExplanation',
  'whoItsFor',
  'disclaimer',
  'relatedTools',
  'faqs'
]
LangCalculatorClient: Loaded seoContent for tip-calculator (es): true Keys: [
  'introduction',
  'benefits',
  'steps',
  'inputsExplained',
  'formulaExplanation',
  'examples',
  'resultsExplanation',
  'whoItsFor',
  'disclaimer',
  'relatedTools',
  'faqs'
]
LangCalculatorClient: Loaded seoContent for car-loan-calculator (es): true Keys: [
  'introduction',
  'benefits',
  'steps',
  'inputsExplained',
  'formulaExplanation',
  'examples',
  'resultsExplanation',
  'whoItsFor',
  'disclaimer',
  'relatedTools',
  'faqs'
]
LangCalculatorClient: Loaded seoContent for password-generator-calculator (es): true Keys: [
  'introduction',
  'benefits',
  'steps',
  'inputsExplained',
  'formulaExplanation',
  'examples',
  'resultsExplanation',
  'whoItsFor',
  'disclaimer',
  'relatedTools',
  'faqs'
]
LangCalculatorClient: Loaded seoContent for pythagorean-theorem-calculator (fr): true Keys: [
  'introduction',
  'benefits',
  'steps',
  'inputsExplained',
  'formulaExplanation',
  'examples',
  'resultsExplanation',
  'whoItsFor',
  'disclaimer',
  'relatedTools',
  'faqs'
]
LangCalculatorClient: Loaded seoContent for factorial-calculator (fr): false Keys: none
LangCalculatorClient: Loaded seoContent for savings-goal (pt): true Keys: [ 'introduction', 'benefits', 'steps', 'faqs' ]
LangCalculatorClient: Loaded seoContent for retirement-calculator (en): true Keys: [
  'introduction',
  'benefits',
  'steps',
  'inputsExplained',
  'formulaExplanation',
  'examples',
  'resultsExplanation',
  'whoItsFor',
  'disclaimer',
  'relatedTools',
  'faqs'
]
LangCalculatorClient: Loaded seoContent for fraction-calculator (fr): true Keys: [
  'introduction',
  'benefits',
  'steps',
  'inputsExplained',
  'formulaExplanation',
  'examples',
  'resultsExplanation',
  'whoItsFor',
  'disclaimer',
  'relatedTools',
  'faqs'
]
LangCalculatorClient: Loaded seoContent for lean-body-mass-calculator (pt): true Keys: [
  'introduction',
  'benefits',
  'howToUse',
  'formulaExplanation',
  'examples',
  'whoShouldUse',
  'importantNotes',
  'relatedTools',
  'faqs',
  'steps'
]
LangCalculatorClient: Loaded seoContent for profitability-ratios-calculator (fr): true Keys: [
  'introduction',
  'benefits',
  'steps',
  'inputsExplained',
  'formulaExplanation',
  'examples',
  'resultsExplanation',
  'whoItsFor',
  'disclaimer',
  'relatedTools',
  'faqs'
]
LangCalculatorClient: Loaded seoContent for paycheck-calculator (es): true Keys: [
  'introduction',
  'benefits',
  'steps',
  'inputsExplained',
  'formulaExplanation',
  'examples',
  'resultsExplanation',
  'whoItsFor',
  'disclaimer',
  'relatedTools',
  'faqs'
]
LangCalculatorClient: Loaded seoContent for interest-only-mortgage-calculator (en): true Keys: [
  'introduction',
  'benefits',
  'steps',
  'inputsExplained',
  'formulaExplanation',
  'examples',
  'resultsExplanation',
  'whoItsFor',
  'disclaimer',
  'relatedTools',
  'faqs'
]
LangCalculatorClient: Loaded seoContent for circle-circumference-calculator (es): true Keys: [
  'introduction',
  'benefits',
  'steps',
  'inputsExplained',
  'formulaExplanation',
  'examples',
  'resultsExplanation',
  'whoItsFor',
  'disclaimer',
  'relatedTools',
  'faqs'
]
LangCalculatorClient: Loaded seoContent for fraction-decimal (fr): true Keys: [
  'introduction',
  'benefits',
  'steps',
  'inputsExplained',
  'formulaExplanation',
  'whoItsFor',
  'disclaimer',
  'relatedTools',
  'faqs'
]
LangCalculatorClient: Loaded seoContent for savings-interest (pt): true Keys: [
  'introduction',
  'benefits',
  'steps',
  'inputsExplained',
  'formulaExplanation',
  'whoItsFor',
  'disclaimer',
  'relatedTools',
  'faqs'
]
LangCalculatorClient: Loaded seoContent for feet-inches-calculator (fr): true Keys: [
  'introduction',
  'benefits',
  'steps',
  'inputsExplained',
  'formulaExplanation',
  'examples',
  'resultsExplanation',
  'whoItsFor',
  'disclaimer',
  'relatedTools',
  'faqs'
]
LangCalculatorClient: Loaded seoContent for quadratic-equation-calculator (fr): true Keys: [
  'introduction',
  'benefits',
  'steps',
  'inputsExplained',
  'formulaExplanation',
  'examples',
  'resultsExplanation',
  'whoItsFor',
  'disclaimer',
  'relatedTools',
  'faqs'
]
LangCalculatorClient: Loaded seoContent for triangle-area-calculator (es): true Keys: [
  'introduction',
  'benefits',
  'steps',
  'inputsExplained',
  'formulaExplanation',
  'examples',
  'resultsExplanation',
  'whoItsFor',
  'disclaimer',
  'relatedTools',
  'faqs'
]
LangCalculatorClient: Loaded seoContent for scientific-calculator (pt): true Keys: [
  'introduction',
  'benefits',
  'steps',
  'inputsExplained',
  'formulaExplanation',
  'examples',
  'resultsExplanation',
  'whoItsFor',
  'disclaimer',
  'relatedTools',
  'faqs'
]
LangCalculatorClient: Loaded seoContent for roman-numeral-converter (en): true Keys: [
  'introduction',
  'benefits',
  'steps',
  'formulaExplanation',
  'examples',
  'whoItsFor',
  'disclaimer',
  'faqs'
]
LangCalculatorClient: Loaded seoContent for inflation-calculator (en): true Keys: [
  'introduction',
  'benefits',
  'steps',
  'inputsExplained',
  'formulaExplanation',
  'examples',
  'resultsExplanation',
  'whoItsFor',
  'disclaimer',
  'relatedTools',
  'faqs'
]
LangCalculatorClient: Loaded seoContent for compound-interest-calculator (es): true Keys: [
  'introduction',
  'benefits',
  'steps',
  'inputsExplained',
  'formulaExplanation',
  'examples',
  'resultsExplanation',
  'whoItsFor',
  'disclaimer',
  'relatedTools',
  'faqs'
]
LangCalculatorClient: Loaded seoContent for loan-calculator (pt): true Keys: [
  'introduction',
  'benefits',
  'steps',
  'inputsExplained',
  'formulaExplanation',
  'examples',
  'resultsExplanation',
  'whoItsFor',
  'disclaimer',
  'relatedTools',
  'faqs'
]
LangCalculatorClient: Loaded seoContent for ratio-calculator (fr): true Keys: [
  'introduction',
  'benefits',
  'steps',
  'inputsExplained',
  'formulaExplanation',
  'examples',
  'resultsExplanation',
  'whoItsFor',
  'disclaimer',
  'relatedTools',
  'faqs'
]
LangCalculatorClient: Loaded seoContent for salary-calculator (en): true Keys: [
  'introduction',
  'benefits',
  'howToUse',
  'formulaExplanation',
  'examples',
  'whoShouldUse',
  'importantNotes',
  'relatedTools',
  'faqs',
  'steps'
]
LangCalculatorClient: Loaded seoContent for unit-conversion-calculator (es): true Keys: [
  'introduction',
  'benefits',
  'steps',
  'inputsExplained',
  'formulaExplanation',
  'examples',
  'resultsExplanation',
  'whoItsFor',
  'disclaimer',
  'relatedTools',
  'faqs'
]
LangCalculatorClient: Loaded seoContent for loan-comparison (pt): true Keys: [
  'introduction',
  'benefits',
  'steps',
  'inputsExplained',
  'formulaExplanation',
  'whoItsFor',
  'disclaimer',
  'relatedTools',
  'faqs'
]
LangCalculatorClient: Loaded seoContent for loan-payment-table-generator (pt): true Keys: [
  'introduction',
  'benefits',
  'steps',
  'inputsExplained',
  'formulaExplanation',
  'examples',
  'resultsExplanation',
  'whoItsFor',
  'disclaimer',
  'relatedTools',
  'faqs'
]
LangCalculatorClient: Loaded seoContent for shipping-cost (pt): true Keys: [
  'introduction',
  'benefits',
  'steps',
  'inputsExplained',
  'formulaExplanation',
  'whoItsFor',
  'disclaimer',
  'relatedTools',
  'faqs'
]
LangCalculatorClient: Loaded seoContent for fuel-cost (fr): true Keys: [
  'introduction',
  'benefits',
  'steps',
  'inputsExplained',
  'formulaExplanation',
  'whoItsFor',
  'disclaimer',
  'relatedTools',
  'faqs'
]
LangCalculatorClient: Loaded seoContent for simple-interest-calculator (pt): true Keys: [
  'introduction',
  'benefits',
  'steps',
  'inputsExplained',
  'formulaExplanation',
  'examples',
  'resultsExplanation',
  'whoItsFor',
  'disclaimer',
  'relatedTools',
  'faqs'
]
LangCalculatorClient: Loaded seoContent for trip-planner (es): true Keys: [
  'introduction',
  'benefits',
  'steps',
  'inputsExplained',
  'formulaExplanation',
  'whoItsFor',
  'disclaimer',
  'relatedTools',
  'faqs'
]
LangCalculatorClient: Loaded seoContent for future-value-calculator (fr): true Keys: [
  'introduction',
  'benefits',
  'steps',
  'inputsExplained',
  'formulaExplanation',
  'examples',
  'resultsExplanation',
  'whoItsFor',
  'disclaimer',
  'relatedTools',
  'faqs'
]
LangCalculatorClient: Loaded seoContent for unit-converter (es): true Keys: [
  'introduction',
  'benefits',
  'steps',
  'inputsExplained',
  'formulaExplanation',
  'examples',
  'resultsExplanation',
  'whoItsFor',
  'disclaimer',
  'relatedTools',
  'faqs'
]
LangCalculatorClient: Loaded seoContent for percentage-calculator (es): true Keys: [
  'introduction',
  'benefits',
  'steps',
  'inputsExplained',
  'formulaExplanation',
  'examples',
  'resultsExplanation',
  'whoItsFor',
  'disclaimer',
  'relatedTools',
  'faqs'
]
LangCalculatorClient: Loaded seoContent for loan-repayment (pt): true Keys: [
  'introduction',
  'benefits',
  'steps',
  'inputsExplained',
  'formulaExplanation',
  'whoItsFor',
  'disclaimer',
  'relatedTools',
  'faqs'
]
LangCalculatorClient: Loaded seoContent for logarithm-calculator (pt): false Keys: none
LangCalculatorClient: Loaded seoContent for ratio-proportion (fr): true Keys: [
  'introduction',
  'benefits',
  'steps',
  'inputsExplained',
  'formulaExplanation',
  'whoItsFor',
  'disclaimer',
  'relatedTools',
  'faqs'
]
LangCalculatorClient: Loaded seoContent for long-division-calculator (pt): true Keys: [
  'introduction',
  'benefits',
  'steps',
  'inputsExplained',
  'formulaExplanation',
  'examples',
  'resultsExplanation',
  'whoItsFor',
  'disclaimer',
  'relatedTools',
  'faqs'
]
LangCalculatorClient: Loaded seoContent for salary-payroll (en): true Keys: [
  'introduction',
  'benefits',
  'steps',
  'inputsExplained',
  'formulaExplanation',
  'whoItsFor',
  'disclaimer',
  'relatedTools',
  'faqs'
]
LangCalculatorClient: Loaded seoContent for concrete-calculator (es): true Keys: [
  'introduction',
  'benefits',
  'steps',
  'inputsExplained',
  'formulaExplanation',
  'examples',
  'resultsExplanation',
  'whoItsFor',
  'disclaimer',
  'relatedTools',
  'faqs'
]
LangCalculatorClient: Loaded seoContent for roth-ira-calculator (en): true Keys: [
  'introduction',
  'benefits',
  'steps',
  'inputsExplained',
  'formulaExplanation',
  'examples',
  'resultsExplanation',
  'whoItsFor',
  'disclaimer',
  'relatedTools',
  'faqs'
]
LangCalculatorClient: Loaded seoContent for retirement-plan (fr): true Keys: [
  'introduction',
  'benefits',
  'steps',
  'inputsExplained',
  'formulaExplanation',
  'whoItsFor',
  'disclaimer',
  'relatedTools',
  'faqs'
]
LangCalculatorClient: Loaded seoContent for percentage-change-calculator (es): true Keys: [
  'introduction',
  'benefits',
  'steps',
  'inputsExplained',
  'formulaExplanation',
  'examples',
  'resultsExplanation',
  'whoItsFor',
  'disclaimer',
  'relatedTools',
  'faqs'
]
  Generating static pages using 13 workers (603/804) 
LangCalculatorClient: Loaded seoContent for retirement-plan (en): true Keys: [
  'introduction',
  'benefits',
  'steps',
  'inputsExplained',
  'formulaExplanation',
  'whoItsFor',
  'disclaimer',
  'relatedTools',
  'faqs'
]
LangCalculatorClient: Loaded seoContent for waist-to-hip-ratio-calculator (es): true Keys: [
  'introduction',
  'benefits',
  'howToUse',
  'formulaExplanation',
  'examples',
  'whoShouldUse',
  'importantNotes',
  'relatedTools',
  'faqs',
  'steps'
]
LangCalculatorClient: Loaded seoContent for gcd-lcm-calculator (fr): true Keys: [
  'introduction',
  'benefits',
  'steps',
  'inputsExplained',
  'formulaExplanation',
  'examples',
  'resultsExplanation',
  'whoItsFor',
  'disclaimer',
  'relatedTools',
  'faqs'
]
LangCalculatorClient: Loaded seoContent for roman-numeral-converter (fr): true Keys: [
  'introduction',
  'benefits',
  'steps',
  'formulaExplanation',
  'examples',
  'whoItsFor',
  'disclaimer',
  'faqs'
]
LangCalculatorClient: Loaded seoContent for credit-card-payoff (es): true Keys: [ 'introduction', 'benefits', 'steps', 'faqs' ]
LangCalculatorClient: Loaded seoContent for retirement-calculator (fr): true Keys: [
  'introduction',
  'benefits',
  'steps',
  'inputsExplained',
  'formulaExplanation',
  'examples',
  'resultsExplanation',
  'whoItsFor',
  'disclaimer',
  'relatedTools',
  'faqs'
]
LangCalculatorClient: Loaded seoContent for sales-tax-calculator (en): true Keys: [
  'introduction',
  'benefits',
  'steps',
  'inputsExplained',
  'formulaExplanation',
  'examples',
  'resultsExplanation',
  'whoItsFor',
  'disclaimer',
  'relatedTools',
  'faqs'
]
LangCalculatorClient: Loaded seoContent for geometry-area (fr): true Keys: [
  'introduction',
  'benefits',
  'steps',
  'inputsExplained',
  'formulaExplanation',
  'whoItsFor',
  'disclaimer',
  'relatedTools',
  'faqs'
]
LangCalculatorClient: Loaded seoContent for gpa-calculator (fr): true Keys: [
  'introduction',
  'benefits',
  'steps',
  'inputsExplained',
  'formulaExplanation',
  'examples',
  'resultsExplanation',
  'whoItsFor',
  'disclaimer',
  'relatedTools',
  'faqs'
]
LangCalculatorClient: Loaded seoContent for percentile-calculator (es): true Keys: [
  'introduction',
  'benefits',
  'steps',
  'inputsExplained',
  'formulaExplanation',
  'whoItsFor',
  'disclaimer',
  'relatedTools',
  'faqs'
]
LangCalculatorClient: Loaded seoContent for water-intake-calculator (es): true Keys: [
  'introduction',
  'benefits',
  'howToUse',
  'formulaExplanation',
  'examples',
  'whoShouldUse',
  'importantNotes',
  'relatedTools',
  'faqs',
  'steps'
]
LangCalculatorClient: Loaded seoContent for sleep-calculator (pt): true Keys: [
  'introduction',
  'benefits',
  'steps',
  'inputsExplained',
  'formulaExplanation',
  'whoItsFor',
  'disclaimer',
  'relatedTools',
  'faqs'
]
LangCalculatorClient: Loaded seoContent for periodic-interest-rate-calculator (es): true Keys: [
  'introduction',
  'benefits',
  'steps',
  'inputsExplained',
  'formulaExplanation',
  'examples',
  'resultsExplanation',
  'whoItsFor',
  'disclaimer',
  'relatedTools',
  'faqs'
]
LangCalculatorClient: Loaded seoContent for credit-card-calculator (es): true Keys: [
  'introduction',
  'benefits',
  'steps',
  'inputsExplained',
  'formulaExplanation',
  'examples',
  'resultsExplanation',
  'whoItsFor',
  'disclaimer',
  'relatedTools',
  'faqs'
]
LangCalculatorClient: Loaded seoContent for square-root-calculator (pt): false Keys: none
LangCalculatorClient: Loaded seoContent for salary-tax (en): true Keys: [
  'introduction',
  'benefits',
  'steps',
  'inputsExplained',
  'formulaExplanation',
  'whoItsFor',
  'disclaimer',
  'relatedTools',
  'faqs'
]
LangCalculatorClient: Loaded seoContent for retirement-savings (fr): true Keys: [
  'introduction',
  'benefits',
  'steps',
  'inputsExplained',
  'formulaExplanation',
  'examples',
  'resultsExplanation',
  'whoItsFor',
  'disclaimer',
  'relatedTools',
  'faqs'
]
LangCalculatorClient: Loaded seoContent for percent-calculator (es): true Keys: [
  'introduction',
  'benefits',
  'steps',
  'inputsExplained',
  'formulaExplanation',
  'examples',
  'resultsExplanation',
  'whoItsFor',
  'disclaimer',
  'relatedTools',
  'faqs'
]
LangCalculatorClient: Loaded seoContent for savings-goal (en): true Keys: [
  'introduction',
  'benefits',
  'steps',
  'inputsExplained',
  'formulaExplanation',
  'whoItsFor',
  'disclaimer',
  'relatedTools',
  'faqs'
]
LangCalculatorClient: Loaded seoContent for square-footage-calculator (pt): true Keys: [
  'introduction',
  'benefits',
  'steps',
  'inputsExplained',
  'formulaExplanation',
  'examples',
  'resultsExplanation',
  'whoItsFor',
  'disclaimer',
  'relatedTools',
  'faqs'
]
LangCalculatorClient: Loaded seoContent for grade-calculator (fr): true Keys: [
  'introduction',
  'benefits',
  'steps',
  'formulaExplanation',
  'examples',
  'faqs'
]
LangCalculatorClient: Loaded seoContent for volume-calculator (es): true Keys: [
  'introduction',
  'benefits',
  'steps',
  'inputsExplained',
  'formulaExplanation',
  'examples',
  'resultsExplanation',
  'whoItsFor',
  'disclaimer',
  'relatedTools',
  'faqs'
]
LangCalculatorClient: Loaded seoContent for health-insurance-calculator (fr): true Keys: [
  'introduction',
  'benefits',
  'steps',
  'inputsExplained',
  'formulaExplanation',
  'examples',
  'resultsExplanation',
  'whoItsFor',
  'disclaimer',
  'relatedTools',
  'faqs'
]
LangCalculatorClient: Loaded seoContent for roth-ira-calculator (fr): true Keys: [
  'introduction',
  'benefits',
  'steps',
  'inputsExplained',
  'formulaExplanation',
  'examples',
  'resultsExplanation',
  'whoItsFor',
  'disclaimer',
  'relatedTools',
  'faqs'
]
LangCalculatorClient: Loaded seoContent for height-calculator (fr): true Keys: [
  'introduction',
  'benefits',
  'steps',
  'formulaExplanation',
  'examples',
  'whoItsFor',
  'disclaimer',
  'faqs'
]
LangCalculatorClient: Loaded seoContent for salary-calculator (fr): true Keys: [
  'introduction',
  'benefits',
  'howToUse',
  'formulaExplanation',
  'examples',
  'whoShouldUse',
  'importantNotes',
  'relatedTools',
  'faqs',
  'steps'
]
LangCalculatorClient: Loaded seoContent for personal-budget (es): true Keys: [
  'introduction',
  'benefits',
  'steps',
  'inputsExplained',
  'formulaExplanation',
  'whoItsFor',
  'disclaimer',
  'relatedTools',
  'faqs'
]
LangCalculatorClient: Loaded seoContent for savings-interest (en): true Keys: [
  'introduction',
  'benefits',
  'steps',
  'inputsExplained',
  'formulaExplanation',
  'whoItsFor',
  'disclaimer',
  'relatedTools',
  'faqs'
]
LangCalculatorClient: Loaded seoContent for crypto-roi-calculator (es): true Keys: [
  'introduction',
  'benefits',
  'steps',
  'inputsExplained',
  'formulaExplanation',
  'examples',
  'resultsExplanation',
  'whoItsFor',
  'disclaimer',
  'relatedTools',
  'faqs'
]
LangCalculatorClient: Loaded seoContent for scientific-calculator (en): true Keys: [
  'introduction',
  'benefits',
  'steps',
  'inputsExplained',
  'formulaExplanation',
  'examples',
  'resultsExplanation',
  'whoItsFor',
  'disclaimer',
  'relatedTools',
  'faqs'
]
LangCalculatorClient: Loaded seoContent for word-counter-calculator (es): true Keys: [
  'introduction',
  'benefits',
  'steps',
  'inputsExplained',
  'formulaExplanation',
  'examples',
  'resultsExplanation',
  'whoItsFor',
  'disclaimer',
  'relatedTools',
  'faqs'
]
LangCalculatorClient: Loaded seoContent for standard-deviation-calculator (pt): true Keys: [
  'introduction',
  'benefits',
  'steps',
  'inputsExplained',
  'formulaExplanation',
  'examples',
  'resultsExplanation',
  'whoItsFor',
  'disclaimer',
  'relatedTools',
  'faqs'
]
LangCalculatorClient: Loaded seoContent for currency-converter (es): true Keys: [
  'introduction',
  'benefits',
  'steps',
  'inputsExplained',
  'formulaExplanation',
  'examples',
  'resultsExplanation',
  'whoItsFor',
  'disclaimer',
  'relatedTools',
  'faqs'
]
LangCalculatorClient: Loaded seoContent for savings-calculator (en): true Keys: [
  'introduction',
  'benefits',
  'steps',
  'inputsExplained',
  'formulaExplanation',
  'whoItsFor',
  'disclaimer',
  'relatedTools',
  'faqs'
]
LangCalculatorClient: Loaded seoContent for date-calculator (es): true Keys: [
  'introduction',
  'benefits',
  'steps',
  'inputsExplained',
  'formulaExplanation',
  'examples',
  'resultsExplanation',
  'whoItsFor',
  'disclaimer',
  'relatedTools',
  'faqs'
]
LangCalculatorClient: Loaded seoContent for stock-ratios-calculator (pt): true Keys: [
  'introduction',
  'benefits',
  'steps',
  'inputsExplained',
  'formulaExplanation',
  'examples',
  'resultsExplanation',
  'whoItsFor',
  'disclaimer',
  'relatedTools',
  'faqs'
]
LangCalculatorClient: Loaded seoContent for social-security-calculator (pt): true Keys: [
  'introduction',
  'benefits',
  'steps',
  'inputsExplained',
  'formulaExplanation',
  'examples',
  'resultsExplanation',
  'whoItsFor',
  'disclaimer',
  'relatedTools',
  'faqs'
]
LangCalculatorClient: Loaded seoContent for debt-consolidation-calculator (es): true Keys: [
  'introduction',
  'benefits',
  'steps',
  'inputsExplained',
  'formulaExplanation',
  'examples',
  'resultsExplanation',
  'whoItsFor',
  'disclaimer',
  'relatedTools',
  'faqs'
]
LangCalculatorClient: Loaded seoContent for 401k-calculator (pt): true Keys: [
  'introduction',
  'benefits',
  'steps',
  'inputsExplained',
  'formulaExplanation',
  'examples',
  'resultsExplanation',
  'whoItsFor',
  'disclaimer',
  'relatedTools',
  'faqs'
]
LangCalculatorClient: Loaded seoContent for advanced-loan-calculator (pt): true Keys: [
  'introduction',
  'benefits',
  'steps',
  'inputsExplained',
  'formulaExplanation',
  'examples',
  'resultsExplanation',
  'whoItsFor',
  'disclaimer',
  'relatedTools',
  'faqs'
]
LangCalculatorClient: Loaded seoContent for stock-return-calculator (pt): true Keys: [
  'introduction',
  'benefits',
  'steps',
  'inputsExplained',
  'formulaExplanation',
  'examples',
  'resultsExplanation',
  'whoItsFor',
  'disclaimer',
  'relatedTools',
  'faqs'
]
LangCalculatorClient: Loaded seoContent for debt-payoff-calculator (es): true Keys: [
  'introduction',
  'benefits',
  'steps',
  'inputsExplained',
  'formulaExplanation',
  'examples',
  'resultsExplanation',
  'whoItsFor',
  'disclaimer',
  'relatedTools',
  'faqs'
]
LangCalculatorClient: Loaded seoContent for age-calculator (pt): true Keys: [
  'introduction',
  'benefits',
  'steps',
  'inputsExplained',
  'formulaExplanation',
  'examples',
  'resultsExplanation',
  'whoItsFor',
  'disclaimer',
  'relatedTools',
  'faqs'
]
LangCalculatorClient: Loaded seoContent for debt-ratios-calculator (es): true Keys: [
  'introduction',
  'benefits',
  'steps',
  'inputsExplained',
  'formulaExplanation',
  'examples',
  'resultsExplanation',
  'whoItsFor',
  'disclaimer',
  'relatedTools',
  'faqs'
]
LangCalculatorClient: Loaded seoContent for debt-to-income-calculator (es): true Keys: [
  'introduction',
  'benefits',
  'steps',
  'inputsExplained',
  'formulaExplanation',
  'whoItsFor',
  'disclaimer',
  'relatedTools',
  'faqs'
]
LangCalculatorClient: Loaded seoContent for slope-calculator (pt): false Keys: none
LangCalculatorClient: Loaded seoContent for decimal-to-fraction-calculator (es): true Keys: [
  'introduction',
  'benefits',
  'steps',
  'inputsExplained',
  'formulaExplanation',
  'examples',
  'resultsExplanation',
  'whoItsFor',
  'disclaimer',
  'relatedTools',
  'faqs'
]
LangCalculatorClient: Loaded seoContent for amortization-schedule-calculator (pt): true Keys: [
  'introduction',
  'benefits',
  'steps',
  'inputsExplained',
  'formulaExplanation',
  'examples',
  'resultsExplanation',
  'whoItsFor',
  'disclaimer',
  'relatedTools',
  'faqs'
]
LangCalculatorClient: Loaded seoContent for apr-calculator (pt): true Keys: [
  'introduction',
  'benefits',
  'steps',
  'inputsExplained',
  'formulaExplanation',
  'examples',
  'resultsExplanation',
  'whoItsFor',
  'disclaimer',
  'relatedTools',
  'faqs'
]
LangCalculatorClient: Loaded seoContent for average-calculator (pt): true Keys: [
  'introduction',
  'benefits',
  'steps',
  'inputsExplained',
  'formulaExplanation',
  'examples',
  'resultsExplanation',
  'whoItsFor',
  'disclaimer',
  'faqs'
]
LangCalculatorClient: Loaded seoContent for surface-area-calculator (pt): true Keys: [
  'introduction',
  'benefits',
  'steps',
  'inputsExplained',
  'formulaExplanation',
  'examples',
  'resultsExplanation',
  'whoItsFor',
  'disclaimer',
  'relatedTools',
  'faqs'
]
LangCalculatorClient: Loaded seoContent for basic-apr-calculator (pt): true Keys: [
  'introduction',
  'benefits',
  'steps',
  'inputsExplained',
  'formulaExplanation',
  'examples',
  'resultsExplanation',
  'whoItsFor',
  'disclaimer',
  'relatedTools',
  'faqs'
]
LangCalculatorClient: Loaded seoContent for biweekly-pay-calculator (pt): true Keys: [
  'introduction',
  'benefits',
  'steps',
  'formulaExplanation',
  'examples',
  'faqs'
]
LangCalculatorClient: Loaded seoContent for due-date-calculator (es): true Keys: [
  'introduction',
  'benefits',
  'steps',
  'formulaExplanation',
  'examples',
  'whoItsFor',
  'disclaimer',
  'faqs'
]
LangCalculatorClient: Loaded seoContent for effective-interest-rate-calculator (es): true Keys: [
  'introduction',
  'benefits',
  'steps',
  'inputsExplained',
  'formulaExplanation',
  'examples',
  'resultsExplanation',
  'whoItsFor',
  'disclaimer',
  'relatedTools',
  'faqs'
]
LangCalculatorClient: Loaded seoContent for take-home-pay-calculator (pt): true Keys: [
  'introduction',
  'benefits',
  'howToUse',
  'formulaExplanation',
  'examples',
  'whoShouldUse',
  'importantNotes',
  'relatedTools',
  'faqs',
  'steps'
]
LangCalculatorClient: Loaded seoContent for emergency-fund (es): true Keys: [
  'introduction',
  'benefits',
  'steps',
  'inputsExplained',
  'formulaExplanation',
  'whoItsFor',
  'disclaimer',
  'relatedTools',
  'faqs'
]
LangCalculatorClient: Loaded seoContent for emi-calculator (es): true Keys: [
  'introduction',
  'benefits',
  'steps',
  'inputsExplained',
  'formulaExplanation',
  'examples',
  'resultsExplanation',
  'whoItsFor',
  'disclaimer',
  'relatedTools',
  'faqs'
]
LangCalculatorClient: Loaded seoContent for blood-pressure-calculator (pt): true Keys: [
  'introduction',
  'benefits',
  'steps',
  'formulaExplanation',
  'examples',
  'faqs'
]
LangCalculatorClient: Loaded seoContent for equal-principal-amortization-calculator (es): true Keys: [
  'introduction',
  'benefits',
  'steps',
  'inputsExplained',
  'formulaExplanation',
  'examples',
  'resultsExplanation',
  'whoItsFor',
  'disclaimer',
  'relatedTools',
  'faqs'
]
LangCalculatorClient: Loaded seoContent for bmi-calculator (pt): true Keys: [
  'introduction',
  'benefits',
  'steps',
  'inputsExplained',
  'formulaExplanation',
  'examples',
  'resultsExplanation',
  'whoItsFor',
  'disclaimer',
  'relatedTools',
  'faqs'
]
LangCalculatorClient: Loaded seoContent for ear-calculator (es): true Keys: [
  'introduction',
  'benefits',
  'steps',
  'inputsExplained',
  'formulaExplanation',
  'examples',
  'resultsExplanation',
  'whoItsFor',
  'disclaimer',
  'relatedTools',
  'faqs'
]
LangCalculatorClient: Loaded seoContent for bmr-calculator (pt): true Keys: [
  'introduction',
  'benefits',
  'steps',
  'inputsExplained',
  'formulaExplanation',
  'examples',
  'resultsExplanation',
  'whoItsFor',
  'disclaimer',
  'relatedTools',
  'faqs'
]
LangCalculatorClient: Loaded seoContent for body-fat-calculator (pt): true Keys: [
  'introduction',
  'benefits',
  'steps',
  'inputsExplained',
  'formulaExplanation',
  'examples',
  'resultsExplanation',
  'whoItsFor',
  'disclaimer',
  'relatedTools',
  'faqs'
]
LangCalculatorClient: Loaded seoContent for tank-volume-calculator (pt): true Keys: [
  'introduction',
  'benefits',
  'steps',
  'inputsExplained',
  'formulaExplanation',
  'examples',
  'resultsExplanation',
  'whoItsFor',
  'disclaimer',
  'relatedTools',
  'faqs'
]
LangCalculatorClient: Loaded seoContent for calorie-calculator (pt): true Keys: [
  'introduction',
  'benefits',
  'steps',
  'inputsExplained',
  'formulaExplanation',
  'examples',
  'resultsExplanation',
  'whoItsFor',
  'disclaimer',
  'relatedTools',
  'faqs'
]
LangCalculatorClient: Loaded seoContent for budget-calculator (pt): true Keys: [
  'introduction',
  'benefits',
  'steps',
  'inputsExplained',
  'formulaExplanation',
  'examples',
  'resultsExplanation',
  'whoItsFor',
  'disclaimer',
  'relatedTools',
  'faqs'
]
LangCalculatorClient: Loaded seoContent for study-hours-planner (pt): true Keys: [
  'introduction',
  'benefits',
  'steps',
  'inputsExplained',
  'formulaExplanation',
  'whoItsFor',
  'disclaimer',
  'relatedTools',
  'faqs'
]
LangCalculatorClient: Loaded seoContent for tdee-calculator (pt): true Keys: [
  'introduction',
  'benefits',
  'howToUse',
  'formulaExplanation',
  'examples',
  'whoShouldUse',
  'importantNotes',
  'relatedTools',
  'faqs',
  'steps'
]
LangCalculatorClient: Loaded seoContent for tax-calculator (pt): true Keys: [
  'introduction',
  'benefits',
  'steps',
  'inputsExplained',
  'formulaExplanation',
  'examples',
  'resultsExplanation',
  'whoItsFor',
  'disclaimer',
  'relatedTools',
  'faqs'
]
✓ Generating static pages using 13 workers (804/804) in 24.9s
  Finalizing page optimization ...
⚠ Statically exporting a Next.js application via `next export` disables API routes and middleware.
This command is meant for static-only hosts, and is not necessary to make your application static.
Pages in your application without server-side data dependencies will be automatically statically exported by `next build`, including pages powered by `getStaticProps`.
Learn more: https://nextjs.org/docs/messages/api-routes-static-export

Route (app)
┌ ○ /
├ ○ /_not-found
├ ● /[lang]
│ ├ /en
│ ├ /es
│ ├ /pt
│ └ /fr
├ ● /[lang]/[slug]
│ ├ /en/401k-calculator
│ ├ /en/advanced-loan-calculator
│ ├ /en/age-calculator
│ └ [+585 more paths]
├ ● /[lang]/about-us
│ ├ /en/about-us
│ ├ /es/about-us
│ ├ /pt/about-us
│ └ /fr/about-us
├ ● /[lang]/categories/[category]
│ ├ /en/categories/financial
│ ├ /en/categories/health
│ ├ /en/categories/math
│ └ [+17 more paths]
├ ● /[lang]/contact
│ ├ /en/contact
│ ├ /es/contact
│ ├ /pt/contact
│ └ /fr/contact
├ ● /[lang]/cookie-policy
│ ├ /en/cookie-policy
│ ├ /es/cookie-policy
│ ├ /pt/cookie-policy
│ └ /fr/cookie-policy
├ ● /[lang]/disclaimer
│ ├ /en/disclaimer
│ ├ /es/disclaimer
│ ├ /pt/disclaimer
│ └ /fr/disclaimer
├ ● /[lang]/privacy-policy
│ ├ /en/privacy-policy
│ ├ /es/privacy-policy
│ ├ /pt/privacy-policy
│ └ /fr/privacy-policy
├ ● /[lang]/terms-of-service
│ ├ /en/terms-of-service
│ ├ /es/terms-of-service
│ ├ /pt/terms-of-service
│ └ /fr/terms-of-service
├ ○ /401k-calculator
├ ○ /about-us
├ ○ /advanced-loan-calculator
├ ○ /age-calculator
├ ○ /amortization-schedule-calculator
├ ○ /apr-calculator
├ ○ /average-calculator
├ ○ /basic-apr-calculator
├ ○ /biweekly-pay-calculator
├ ○ /blood-pressure-calculator
├ ○ /bmi-calculator
├ ○ /bmr-calculator
├ ○ /body-fat-calculator
├ ○ /budget-calculator
├ ○ /calorie-calculator
├ ○ /car-affordability-calculator
├ ○ /car-insurance-calculator
├ ○ /car-loan-calculator
├ ● /categories/[slug]
│ ├ /categories/financial
│ ├ /categories/health
│ ├ /categories/math
│ └ [+2 more paths]
├ ○ /circle-area-calculator
├ ○ /circle-circumference-calculator
├ ○ /compound-interest-calculator
├ ○ /concrete-calculator
├ ○ /contact
├ ○ /conversion-tools
├ ○ /cookie-policy
├ ○ /credit-card-calculator
├ ○ /credit-card-payoff
├ ○ /crypto-roi-calculator
├ ○ /currency-converter
├ ○ /date-calculator
├ ○ /debt-consolidation-calculator
├ ○ /debt-payoff-calculator
├ ○ /debt-ratios-calculator
├ ○ /debt-to-income-calculator
├ ○ /disclaimer
├ ○ /due-date-calculator
├ ○ /ear-calculator
├ ○ /effective-interest-rate-calculator
├ ○ /emergency-fund
├ ○ /emi-calculator
├ ○ /equal-principal-amortization-calculator
├ ○ /equivalent-interest-rate-calculator
├ ○ /exam-score-predictor
├ ○ /expense-calculator
├ ○ /feet-inches-calculator
├ ○ /financial-calculators
├ ○ /fraction-calculator
├ ○ /fraction-decimal
├ ○ /fuel-cost
├ ○ /future-value-calculator
├ ○ /geometry-area
├ ○ /gpa-calculator
├ ○ /grade-calculator
├ ○ /health-calculators
├ ○ /health-insurance-calculator
├ ○ /height-calculator
├ ○ /home-affordability-calculator
├ ○ /hourly-to-salary-calculator
├ ○ /ideal-weight-calculator
├ ○ /income-tax-calculator
├ ○ /inflation-calculator
├ ○ /interest-calculator
├ ○ /interest-only-mortgage-calculator
├ ○ /interest-rate-table-calculator
├ ○ /investment-calculator
├ ○ /investment-planner
├ ○ /investment-return
├ ○ /lean-body-mass-calculator
├ ○ /life-insurance-calculator
├ ○ /linear-equation
├ ○ /liquidity-ratios-calculator
├ ○ /loan-affordability
├ ○ /loan-affordability-calculator
├ ○ /loan-calculator
├ ○ /loan-comparison
├ ○ /loan-payment-table-generator
├ ○ /loan-repayment
├ ○ /logarithm-calculator
├ ○ /love-calculator
├ ○ /macro-calculator
├ ○ /maintenance-calories-calculator
├ ○ /math-calculators
├ ○ /mean-median-mode-calculator
├ ○ /mortgage-calculator
├ ○ /net-income-calculator
├ ○ /net-worth
├ ○ /nominal-interest-rate-calculator
├ ○ /number-base-converter
├ ○ /numbers-to-words-converter
├ ƒ /opengraph-image
├ ○ /operations-ratios-calculator
├ ○ /overtime-pay-calculator
├ ○ /ovulation-calculator
├ ○ /pace-calculator
├ ○ /password-generator
├ ○ /password-generator-calculator
├ ○ /paycheck-calculator
├ ○ /percent-calculator
├ ○ /percentage-calculator
├ ○ /percentage-change-calculator
├ ○ /percentile-calculator
├ ○ /periodic-interest-rate-calculator
├ ○ /personal-budget
├ ○ /pregnancy-calculator
├ ○ /privacy
├ ○ /privacy-policy
├ ○ /probability-calculator
├ ○ /profitability-ratios-calculator
├ ○ /property-tax-calculator
├ ○ /protein-intake-calculator
├ ○ /pythagorean-theorem-calculator
├ ○ /quadratic-equation-calculator
├ ○ /ratio-calculator
├ ○ /ratio-proportion
├ ○ /retirement-calculator
├ ○ /retirement-plan
├ ○ /retirement-savings
├ ○ /roman-numeral-converter
├ ○ /roth-ira-calculator
├ ○ /salary-calculator
├ ○ /salary-payroll
├ ○ /salary-tax
├ ○ /sales-tax-calculator
├ ○ /savings-calculator
├ ○ /savings-goal
├ ○ /savings-interest
├ ○ /scientific-calculator
├ ○ /shipping-cost
├ ○ /simple-interest-calculator
├ ○ /sitemap-en.xml
├ ○ /sitemap-es.xml
├ ○ /sitemap-fr.xml
├ ○ /sitemap-pt.xml
├ ○ /sitemap.xml
├ ○ /sleep-calculator
├ ○ /social-security-calculator
├ ○ /square-footage-calculator
├ ○ /standard-deviation-calculator
├ ○ /stock-ratios-calculator
├ ○ /stock-return-calculator
├ ○ /study-hours-planner
├ ○ /surface-area-calculator
├ ○ /take-home-pay-calculator
├ ○ /tank-volume-calculator
├ ○ /tax-calculator
├ ○ /tdee-calculator
├ ○ /terms
├ ○ /terms-of-service
├ ○ /test-financial
├ ○ /test-page
├ ○ /tip-calculator
├ ○ /triangle-area-calculator
├ ○ /trip-planner
├ ƒ /twitter-image
├ ○ /unit-conversion-calculator
├ ○ /unit-converter
├ ○ /volume-calculator
├ ○ /waist-to-hip-ratio-calculator
├ ○ /water-intake-calculator
├ ○ /word-counter
└ ○ /word-counter-calculator


ƒ Proxy (Middleware)

○  (Static)   prerendered as static content
●  (SSG)      prerendered as static HTML (uses generateStaticParams)
ƒ  (Dynamic)  server-rendered on demand

