Testing 131 calculator pages...

❌ [1/131] 401k-calculator - 
❌ [2/131] advanced-loan-calculator - 
❌ [3/131] amortization-schedule-calculator - 
❌ [4/131] age-calculator - 
❌ [5/131] apr-calculator - 
❌ [6/131] average-calculator - 
❌ [7/131] basic-apr-calculator - 
❌ [8/131] biweekly-pay-calculator - 
❌ [9/131] blood-pressure-calculator - 
❌ [10/131] bmi-calculator - 
❌ [11/131] bmr-calculator - 
❌ [12/131] body-fat-calculator - 
❌ [13/131] budget-calculator - 
❌ [14/131] calorie-calculator - 
❌ [15/131] car-affordability-calculator - 
❌ [16/131] car-loan-calculator - 
❌ [17/131] car-insurance-calculator - 
❌ [18/131] circle-circumference-calculator - 
❌ [19/131] circle-area-calculator - 
❌ [20/131] compound-interest-calculator - 
❌ [21/131] concrete-calculator - 
❌ [22/131] credit-card-calculator - 
❌ [23/131] credit-card-payoff - 
❌ [24/131] currency-converter - 
❌ [25/131] crypto-roi-calculator - 
❌ [26/131] date-calculator - 
❌ [27/131] debt-consolidation-calculator - 
❌ [28/131] debt-payoff-calculator - 
❌ [29/131] debt-ratios-calculator - 
❌ [30/131] debt-to-income-calculator - 
❌ [31/131] ear-calculator - 
❌ [32/131] effective-interest-rate-calculator - 
❌ [33/131] emi-calculator - 
❌ [34/131] emergency-fund - 
❌ [35/131] equal-principal-amortization-calculator - 
❌ [36/131] equivalent-interest-rate-calculator - 
❌ [37/131] exam-score-predictor - 
❌ [38/131] expense-calculator - 
❌ [39/131] feet-inches-calculator - 
❌ [40/131] fraction-calculator - 
❌ [41/131] fraction-decimal - 
❌ [42/131] fuel-cost - 
❌ [43/131] geometry-area - 
❌ [44/131] future-value-calculator - 
❌ [45/131] gpa-calculator - 
❌ [46/131] grade-calculator - 
❌ [47/131] home-affordability-calculator - 
❌ [48/131] health-insurance-calculator - 
❌ [49/131] ideal-weight-calculator - 
❌ [50/131] hourly-to-salary-calculator - 
❌ [51/131] income-tax-calculator - 
❌ [52/131] inflation-calculator - 
❌ [53/131] interest-only-mortgage-calculator - 
❌ [54/131] interest-calculator - 
❌ [55/131] interest-rate-table-calculator - 
❌ [56/131] investment-calculator - 
❌ [57/131] investment-return - 
❌ [58/131] investment-planner - 
❌ [59/131] lean-body-mass-calculator - 
❌ [60/131] life-insurance-calculator - 
❌ [61/131] linear-equation - 
❌ [62/131] liquidity-ratios-calculator - 
❌ [63/131] loan-affordability-calculator - 
❌ [64/131] loan-affordability - 
❌ [65/131] loan-calculator - 
❌ [66/131] loan-comparison - 
❌ [67/131] loan-repayment - 
❌ [68/131] loan-payment-table-generator - 
❌ [69/131] maintenance-calories-calculator - 
❌ [70/131] macro-calculator - 
❌ [71/131] mean-median-mode-calculator - 
❌ [72/131] mortgage-calculator - 
❌ [73/131] net-worth - 
❌ [74/131] net-income-calculator - 
❌ [75/131] nominal-interest-rate-calculator - 
❌ [76/131] operations-ratios-calculator - 
❌ [77/131] overtime-pay-calculator - 
❌ [78/131] ovulation-calculator - 
❌ [79/131] numbers-to-words-converter - 
❌ [80/131] password-generator-calculator - 
❌ [81/131] paycheck-calculator - 
❌ [82/131] percent-calculator - 
❌ [83/131] percentage-calculator - 
❌ [84/131] percentage-change-calculator - 
❌ [85/131] percentile-calculator - 
❌ [86/131] personal-budget - 
❌ [87/131] periodic-interest-rate-calculator - 
❌ [88/131] pregnancy-calculator - 
❌ [89/131] probability-calculator - 
❌ [90/131] profitability-ratios-calculator - 
❌ [91/131] protein-intake-calculator - 
❌ [92/131] property-tax-calculator - 
❌ [93/131] pythagorean-theorem-calculator - 
❌ [94/131] quadratic-equation-calculator - 
❌ [95/131] ratio-calculator - 
❌ [96/131] retirement-calculator - 
❌ [97/131] ratio-proportion - 
❌ [98/131] retirement-plan - 
❌ [99/131] roth-ira-calculator - 
❌ [100/131] retirement-savings - 
❌ [101/131] salary-payroll - 
❌ [102/131] hourly-to-salary-calculator - 
❌ [103/131] salary-tax - 
❌ [104/131] sales-tax-calculator - 
❌ [105/131] savings-calculator - 
❌ [106/131] savings-goal - 
❌ [107/131] savings-interest - 
❌ [108/131] scientific-calculator - 
❌ [109/131] shipping-cost - 
❌ [110/131] simple-interest-calculator - 
❌ [111/131] sleep-calculator - 
❌ [112/131] social-security-calculator - 
❌ [113/131] standard-deviation-calculator - 
❌ [114/131] square-footage-calculator - 
❌ [115/131] stock-ratios-calculator - 
❌ [116/131] stock-return-calculator - 
❌ [117/131] study-hours-planner - 
❌ [118/131] surface-area-calculator - 
❌ [119/131] take-home-pay-calculator - 
❌ [120/131] tank-volume-calculator - 
❌ [121/131] tax-calculator - 
❌ [122/131] tip-calculator - 
❌ [123/131] tdee-calculator - 
❌ [124/131] trip-planner - 
❌ [125/131] triangle-area-calculator - 
❌ [126/131] unit-conversion-calculator - 
❌ [127/131] unit-conversion-calculator - 
❌ [128/131] volume-calculator - 
❌ [129/131] waist-to-hip-ratio-calculator - 
❌ [130/131] water-intake-calculator - 
❌ [131/131] word-counter-calculator - 

=== Test Results ===
Total pages: 131
✅ Success: 0
❌ Errors: 131

Pages with errors:
  - 401k-calculator: HTTP undefined
  - advanced-loan-calculator: HTTP undefined
  - amortization-schedule-calculator: HTTP undefined
  - age-calculator: HTTP undefined
  - apr-calculator: HTTP undefined
  - average-calculator: HTTP undefined
  - basic-apr-calculator: HTTP undefined
  - biweekly-pay-calculator: HTTP undefined
  - blood-pressure-calculator: HTTP undefined
  - bmi-calculator: HTTP undefined
  - bmr-calculator: HTTP undefined
  - body-fat-calculator: HTTP undefined
  - budget-calculator: HTTP undefined
  - calorie-calculator: HTTP undefined
  - car-affordability-calculator: HTTP undefined
  - car-loan-calculator: HTTP undefined
  - car-insurance-calculator: HTTP undefined
  - circle-circumference-calculator: HTTP undefined
  - circle-area-calculator: HTTP undefined
  - compound-interest-calculator: HTTP undefined
  - concrete-calculator: HTTP undefined
  - credit-card-calculator: HTTP undefined
  - credit-card-payoff: HTTP undefined
  - currency-converter: HTTP undefined
  - crypto-roi-calculator: HTTP undefined
  - date-calculator: HTTP undefined
  - debt-consolidation-calculator: HTTP undefined
  - debt-payoff-calculator: HTTP undefined
  - debt-ratios-calculator: HTTP undefined
  - debt-to-income-calculator: HTTP undefined
  - ear-calculator: HTTP undefined
  - effective-interest-rate-calculator: HTTP undefined
  - emi-calculator: HTTP undefined
  - emergency-fund: HTTP undefined
  - equal-principal-amortization-calculator: HTTP undefined
  - equivalent-interest-rate-calculator: HTTP undefined
  - exam-score-predictor: HTTP undefined
  - expense-calculator: HTTP undefined
  - feet-inches-calculator: HTTP undefined
  - fraction-calculator: HTTP undefined
  - fraction-decimal: HTTP undefined
  - fuel-cost: HTTP undefined
  - geometry-area: HTTP undefined
  - future-value-calculator: HTTP undefined
  - gpa-calculator: HTTP undefined
  - grade-calculator: HTTP undefined
  - home-affordability-calculator: HTTP undefined
  - health-insurance-calculator: HTTP undefined
  - ideal-weight-calculator: HTTP undefined
  - hourly-to-salary-calculator: HTTP undefined
  - income-tax-calculator: HTTP undefined
  - inflation-calculator: HTTP undefined
  - interest-only-mortgage-calculator: HTTP undefined
  - interest-calculator: HTTP undefined
  - interest-rate-table-calculator: HTTP undefined
  - investment-calculator: HTTP undefined
  - investment-return: HTTP undefined
  - investment-planner: HTTP undefined
  - lean-body-mass-calculator: HTTP undefined
  - life-insurance-calculator: HTTP undefined
  - linear-equation: HTTP undefined
  - liquidity-ratios-calculator: HTTP undefined
  - loan-affordability-calculator: HTTP undefined
  - loan-affordability: HTTP undefined
  - loan-calculator: HTTP undefined
  - loan-comparison: HTTP undefined
  - loan-repayment: HTTP undefined
  - loan-payment-table-generator: HTTP undefined
  - maintenance-calories-calculator: HTTP undefined
  - macro-calculator: HTTP undefined
  - mean-median-mode-calculator: HTTP undefined
  - mortgage-calculator: HTTP undefined
  - net-worth: HTTP undefined
  - net-income-calculator: HTTP undefined
  - nominal-interest-rate-calculator: HTTP undefined
  - operations-ratios-calculator: HTTP undefined
  - overtime-pay-calculator: HTTP undefined
  - ovulation-calculator: HTTP undefined
  - numbers-to-words-converter: HTTP undefined
  - password-generator-calculator: HTTP undefined
  - paycheck-calculator: HTTP undefined
  - percent-calculator: HTTP undefined
  - percentage-calculator: HTTP undefined
  - percentage-change-calculator: HTTP undefined
  - percentile-calculator: HTTP undefined
  - personal-budget: HTTP undefined
  - periodic-interest-rate-calculator: HTTP undefined
  - pregnancy-calculator: HTTP undefined
  - probability-calculator: HTTP undefined
  - profitability-ratios-calculator: HTTP undefined
  - protein-intake-calculator: HTTP undefined
  - property-tax-calculator: HTTP undefined
  - pythagorean-theorem-calculator: HTTP undefined
  - quadratic-equation-calculator: HTTP undefined
  - ratio-calculator: HTTP undefined
  - retirement-calculator: HTTP undefined
  - ratio-proportion: HTTP undefined
  - retirement-plan: HTTP undefined
  - roth-ira-calculator: HTTP undefined
  - retirement-savings: HTTP undefined
  - salary-payroll: HTTP undefined
  - hourly-to-salary-calculator: HTTP undefined
  - salary-tax: HTTP undefined
  - sales-tax-calculator: HTTP undefined
  - savings-calculator: HTTP undefined
  - savings-goal: HTTP undefined
  - savings-interest: HTTP undefined
  - scientific-calculator: HTTP undefined
  - shipping-cost: HTTP undefined
  - simple-interest-calculator: HTTP undefined
  - sleep-calculator: HTTP undefined
  - social-security-calculator: HTTP undefined
  - standard-deviation-calculator: HTTP undefined
  - square-footage-calculator: HTTP undefined
  - stock-ratios-calculator: HTTP undefined
  - stock-return-calculator: HTTP undefined
  - study-hours-planner: HTTP undefined
  - surface-area-calculator: HTTP undefined
  - take-home-pay-calculator: HTTP undefined
  - tank-volume-calculator: HTTP undefined
  - tax-calculator: HTTP undefined
  - tip-calculator: HTTP undefined
  - tdee-calculator: HTTP undefined
  - trip-planner: HTTP undefined
  - triangle-area-calculator: HTTP undefined
  - unit-conversion-calculator: HTTP undefined
  - unit-conversion-calculator: HTTP undefined
  - volume-calculator: HTTP undefined
  - waist-to-hip-ratio-calculator: HTTP undefined
  - water-intake-calculator: HTTP undefined
  - word-counter-calculator: HTTP undefined
