[2m[WebServer] [22m[33m[1m⚠[22m[39m Port 3000 is in use by process 49878, using available port 3001 instead.
[2m[WebServer] [22m[31m[1m⨯[22m[39m Unable to acquire lock at [36m/Users/asomani16/Repository/quick-calculator-v3/.next/dev/lock[39m, is another instance of [36mnext dev[39m running?
Error: Process from config.webServer was not able to start. Exit code: 1

